03:58:49 **** Auto Build of configuration Debug for project test_Counter ****
make pre-build main-build 
a9-linaro-pre-build-step
 
Building file: ../src/main.c
Invoking: ARM v7 gcc compiler
arm-none-eabi-gcc -Wall -O0 -g3 -c -fmessage-length=0 -MT"src/main.o" -mcpu=cortex-a9 -mfpu=vfpv3 -mfloat-abi=hard -I../../standalone_bsp_0/ps7_cortexa9_0/include -MMD -MP -MF"src/main.d" -MT"src/main.o" -o "src/main.o" "../src/main.c"
Finished building: ../src/main.c
 
Building target: test_Counter.elf
Invoking: ARM v7 gcc linker
arm-none-eabi-gcc -mcpu=cortex-a9 -mfpu=vfpv3 -mfloat-abi=hard -Wl,-build-id=none -specs=Xilinx.spec -Wl,-T -Wl,../src/lscript.ld -L../../standalone_bsp_0/ps7_cortexa9_0/lib -o "test_Counter.elf"  ./src/main.o   -Wl,--start-group,-lxil,-lgcc,-lc,--end-group
Finished building target: test_Counter.elf
 
Invoking: ARM v7 Print Size
arm-none-eabi-size test_Counter.elf  |tee "test_Counter.elf.size"
   text	   data	    bss	    dec	    hex	filename
  19256	   1148	  22568	  42972	   a7dc	test_Counter.elf
Finished building: test_Counter.elf.size
 

03:58:49 Build Finished (took 484ms)

