#-----------------------------------------------------------
# Vivado v2017.4 (64-bit)
# SW Build 2086221 on Fri Dec 15 20:54:30 MST 2017
# IP Build 2085800 on Fri Dec 15 22:25:07 MST 2017
# Start of session at: Tue Jan 22 18:57:32 2019
# Process ID: 8882
# Current directory: /home/junhonglin/Xilinx/PYNQ_Car
# Command line: vivado
# Log file: /home/junhonglin/Xilinx/PYNQ_Car/vivado.log
# Journal file: /home/junhonglin/Xilinx/PYNQ_Car/vivado.jou
#-----------------------------------------------------------
start_gui
open_project /home/junhonglin/Xilinx/PYNQ_Dirty/boards/Pynq-Z2/base/base/base.xpr
update_compile_order -fileset sources_1
file copy -force /home/junhonglin/Xilinx/PYNQ_Dirty/boards/Pynq-Z2/base/base/base.runs/impl_1/top.sysdef /home/junhonglin/Xilinx/PYNQ_Dirty/boards/Pynq-Z2/base/base/base.sdk/top.hdf

launch_sdk -workspace /home/junhonglin/Xilinx/PYNQ_Dirty/boards/Pynq-Z2/base/base/base.sdk -hwspec /home/junhonglin/Xilinx/PYNQ_Dirty/boards/Pynq-Z2/base/base/base.sdk/top.hdf
