15:46:32 **** Auto Build of configuration Debug for project arduino_4wdmoto ****
make all 
Building file: ../src/arduino_4wdmoto.c
Invoking: MicroBlaze gcc compiler
mb-gcc -Wall -O0 -g3 -I../../bsp_iop_arduino_mb/iop_arduino_mb/include -c -fmessage-length=0 -MT"src/arduino_4wdmoto.o" -mlittle-endian -mcpu=v10.0 -mxl-soft-mul -Wl,--no-relax -ffunction-sections -fdata-sections -MMD -MP -MF"src/arduino_4wdmoto.d" -MT"src/arduino_4wdmoto.o" -o "src/arduino_4wdmoto.o" "../src/arduino_4wdmoto.c"
Finished building: ../src/arduino_4wdmoto.c
 
Building target: arduino_4wdmoto.elf
Invoking: MicroBlaze gcc linker
mb-gcc -L../../bsp_iop_arduino_mb/iop_arduino_mb/lib -Wl,-T -Wl,../src/lscript.ld -mlittle-endian -mcpu=v10.0 -mxl-soft-mul -Wl,--no-relax -Wl,--gc-sections -o "arduino_4wdmoto.elf"  ./src/arduino_4wdmoto.o   -Wl,--start-group,-lxil,-lgcc,-lc,--end-group
Finished building target: arduino_4wdmoto.elf
 
Invoking: MicroBlaze Print Size
mb-size arduino_4wdmoto.elf  |tee "arduino_4wdmoto.elf.size"
   text	   data	    bss	    dec	    hex	filename
   8724	    512	   3412	  12648	   3168	arduino_4wdmoto.elf
Finished building: arduino_4wdmoto.elf.size
 

15:46:32 Build Finished (took 518ms)

