
**** Build of configuration Debug for project arduino_getsture ****

Nothing to build for project arduino_getsture
17:30:03 **** Auto Build of configuration Debug for project arduino_getsture ****
make all 
Building file: ../src/arduino_getsture.c
Invoking: MicroBlaze gcc compiler
mb-gcc -Wall -O0 -g3 -I../../bsp_iop_arduino_mb/iop_arduino_mb/include -c -fmessage-length=0 -MT"src/arduino_getsture.o" -mlittle-endian -mcpu=v10.0 -mxl-soft-mul -Wl,--no-relax -ffunction-sections -fdata-sections -MMD -MP -MF"src/arduino_getsture.d" -MT"src/arduino_getsture.o" -o "src/arduino_getsture.o" "../src/arduino_getsture.c"
In file included from ../src/arduino_getsture.c:52:0:
../src/SparkFun_APDS9960.h:17:21: fatal error: Arduino.h: No such file or directory
 #include <Arduino.h>
                     ^
compilation terminated.
src/subdir.mk:21: recipe for target 'src/arduino_getsture.o' failed
make: *** [src/arduino_getsture.o] Error 1
17:30:12 **** Auto Build of configuration Debug for project arduino_getsture ****
make all 
Building file: ../src/arduino_getsture.c
Invoking: MicroBlaze gcc compiler
mb-gcc -Wall -O0 -g3 -I../../bsp_iop_arduino_mb/iop_arduino_mb/include -c -fmessage-length=0 -MT"src/arduino_getsture.o" -mlittle-endian -mcpu=v10.0 -mxl-soft-mul -Wl,--no-relax -ffunction-sections -fdata-sections -MMD -MP -MF"src/arduino_getsture.d" -MT"src/arduino_getsture.o" -o "src/arduino_getsture.o" "../src/arduino_getsture.c"
In file included from ../src/arduino_getsture.c:52:0:
../src/SparkFun_APDS9960.h:204:5: error: unknown type name 'uint8_t'
     uint8_t u_data[32];
     ^~~~~~~
../src/SparkFun_APDS9960.h:205:5: error: unknown type name 'uint8_t'
     uint8_t d_data[32];
     ^~~~~~~
../src/SparkFun_APDS9960.h:206:5: error: unknown type name 'uint8_t'
     uint8_t l_data[32];
     ^~~~~~~
../src/SparkFun_APDS9960.h:207:5: error: unknown type name 'uint8_t'
     uint8_t r_data[32];
     ^~~~~~~
../src/SparkFun_APDS9960.h:208:5: error: unknown type name 'uint8_t'
     uint8_t index;
     ^~~~~~~
../src/SparkFun_APDS9960.h:209:5: error: unknown type name 'uint8_t'
     uint8_t total_gestures;
     ^~~~~~~
../src/SparkFun_APDS9960.h:210:5: error: unknown type name 'uint8_t'
     uint8_t in_threshold;
     ^~~~~~~
../src/SparkFun_APDS9960.h:211:5: error: unknown type name 'uint8_t'
     uint8_t out_threshold;
     ^~~~~~~
../src/SparkFun_APDS9960.h:215:1: error: unknown type name 'class'
 class SparkFun_APDS9960 {
 ^~~~~
../src/SparkFun_APDS9960.h:215:25: error: expected '=', ',', ';', 'asm' or '__attribute__' before '{' token
 class SparkFun_APDS9960 {
                         ^
../src/arduino_getsture.c:58:1: error: unknown type name 'SparkFun_APDS9960'
 SparkFun_APDS9960 apds = SparkFun_APDS9960();
 ^~~~~~~~~~~~~~~~~
../src/arduino_getsture.c:58:26: warning: implicit declaration of function 'SparkFun_APDS9960' [-Wimplicit-function-declaration]
 SparkFun_APDS9960 apds = SparkFun_APDS9960();
                          ^~~~~~~~~~~~~~~~~
../src/arduino_getsture.c:58:26: error: initializer element is not constant
../src/arduino_getsture.c: In function 'main':
../src/arduino_getsture.c:65:2: warning: implicit declaration of function 'printf' [-Wimplicit-function-declaration]
  printf("Gesture Test\r\n");
  ^~~~~~
../src/arduino_getsture.c:65:2: warning: incompatible implicit declaration of built-in function 'printf'
../src/arduino_getsture.c:65:2: note: include '<stdio.h>' or provide a declaration of 'printf'
../src/arduino_getsture.c:66:11: error: request for member 'init' in something not a structure or union
  if ( apds.init() ) {
           ^
../src/arduino_getsture.c:72:11: error: request for member 'enableGestureSensor' in something not a structure or union
  if ( apds.enableGestureSensor(true) ) {
           ^
../src/arduino_getsture.c:72:32: error: 'true' undeclared (first use in this function)
  if ( apds.enableGestureSensor(true) ) {
                                ^~~~
../src/arduino_getsture.c:72:32: note: each undeclared identifier is reported only once for each function it appears in
../src/arduino_getsture.c:79:12: error: request for member 'isGestureAvailable' in something not a structure or union
   if ( apds.isGestureAvailable() ) {
            ^
../src/arduino_getsture.c:80:17: error: request for member 'readGesture' in something not a structure or union
    switch ( apds.readGesture() ) {
                 ^
src/subdir.mk:21: recipe for target 'src/arduino_getsture.o' failed
make: *** [src/arduino_getsture.o] Error 1
17:30:52 **** Auto Build of configuration Debug for project arduino_getsture ****
make all 
Building file: ../src/arduino_getsture.c
Invoking: MicroBlaze gcc compiler
mb-gcc -Wall -O0 -g3 -I../../bsp_iop_arduino_mb/iop_arduino_mb/include -c -fmessage-length=0 -MT"src/arduino_getsture.o" -mlittle-endian -mcpu=v10.0 -mxl-soft-mul -Wl,--no-relax -ffunction-sections -fdata-sections -MMD -MP -MF"src/arduino_getsture.d" -MT"src/arduino_getsture.o" -o "src/arduino_getsture.o" "../src/arduino_getsture.c"
In file included from ../src/arduino_getsture.c:52:0:
../src/SparkFun_APDS9960.h:218:1: error: unknown type name 'class'
 class SparkFun_APDS9960 {
 ^~~~~
../src/SparkFun_APDS9960.h:218:25: error: expected '=', ',', ';', 'asm' or '__attribute__' before '{' token
src/subdir.mk:21: recipe for target 'src/arduino_getsture.o' failed
 class SparkFun_APDS9960 {
                         ^
../src/arduino_getsture.c:58:1: error: unknown type name 'SparkFun_APDS9960'
 SparkFun_APDS9960 apds = SparkFun_APDS9960();
 ^~~~~~~~~~~~~~~~~
../src/arduino_getsture.c:58:26: warning: implicit declaration of function 'SparkFun_APDS9960' [-Wimplicit-function-declaration]
 SparkFun_APDS9960 apds = SparkFun_APDS9960();
                          ^~~~~~~~~~~~~~~~~
../src/arduino_getsture.c:58:26: error: initializer element is not constant
../src/arduino_getsture.c: In function 'main':
../src/arduino_getsture.c:65:2: warning: implicit declaration of function 'printf' [-Wimplicit-function-declaration]
  printf("Gesture Test\r\n");
  ^~~~~~
../src/arduino_getsture.c:65:2: warning: incompatible implicit declaration of built-in function 'printf'
../src/arduino_getsture.c:65:2: note: include '<stdio.h>' or provide a declaration of 'printf'
../src/arduino_getsture.c:66:11: error: request for member 'init' in something not a structure or union
  if ( apds.init() ) {
           ^
../src/arduino_getsture.c:72:11: error: request for member 'enableGestureSensor' in something not a structure or union
  if ( apds.enableGestureSensor(true) ) {
           ^
../src/arduino_getsture.c:79:12: error: request for member 'isGestureAvailable' in something not a structure or union
   if ( apds.isGestureAvailable() ) {
            ^
../src/arduino_getsture.c:80:17: error: request for member 'readGesture' in something not a structure or union
    switch ( apds.readGesture() ) {
                 ^
make: *** [src/arduino_getsture.o] Error 1
17:33:09 **** Build of project arduino_getsture_bsp ****
make -k all 
Running Make include in iop_arduino_mb/libsrc/qspips_v3_4/src
make -C iop_arduino_mb/libsrc/qspips_v3_4/src -s include  "SHELL=/bin/sh" "COMPILER=mb-gcc" "ARCHIVER=mb-ar" "COMPILER_FLAGS= -O2 -c -mcpu=v10.0 -mlittle-endian -mxl-soft-mul" "EXTRA_COMPILER_FLAGS=-ffunction-sections -fdata-sections -Wall -Wextra"
Running Make include in iop_arduino_mb/libsrc/cpu_v2_6/src
make -C iop_arduino_mb/libsrc/cpu_v2_6/src -s include  "SHELL=/bin/sh" "COMPILER=mb-gcc" "ARCHIVER=mb-ar" "COMPILER_FLAGS= -O2 -c -mcpu=v10.0 -mlittle-endian -mxl-soft-mul" "EXTRA_COMPILER_FLAGS=-ffunction-sections -fdata-sections -Wall -Wextra"
Running Make include in iop_arduino_mb/libsrc/io_switch_v1_0/src
make -C iop_arduino_mb/libsrc/io_switch_v1_0/src -s include  "SHELL=/bin/sh" "COMPILER=mb-gcc" "ARCHIVER=mb-ar" "COMPILER_FLAGS= -O2 -c -mcpu=v10.0 -mlittle-endian -mxl-soft-mul" "EXTRA_COMPILER_FLAGS=-ffunction-sections -fdata-sections -Wall -Wextra"
Running Make include in iop_arduino_mb/libsrc/iic_v3_4/src
make -C iop_arduino_mb/libsrc/iic_v3_4/src -s include  "SHELL=/bin/sh" "COMPILER=mb-gcc" "ARCHIVER=mb-ar" "COMPILER_FLAGS= -O2 -c -mcpu=v10.0 -mlittle-endian -mxl-soft-mul" "EXTRA_COMPILER_FLAGS=-ffunction-sections -fdata-sections -Wall -Wextra"
Running Make include in iop_arduino_mb/libsrc/standalone_v6_5/src
make -C iop_arduino_mb/libsrc/standalone_v6_5/src -s include  "SHELL=/bin/sh" "COMPILER=mb-gcc" "ARCHIVER=mb-ar" "COMPILER_FLAGS= -O2 -c -mcpu=v10.0 -mlittle-endian -mxl-soft-mul" "EXTRA_COMPILER_FLAGS=-ffunction-sections -fdata-sections -Wall -Wextra"
Running Make include in iop_arduino_mb/libsrc/gpiops_v3_3/src
make -C iop_arduino_mb/libsrc/gpiops_v3_3/src -s include  "SHELL=/bin/sh" "COMPILER=mb-gcc" "ARCHIVER=mb-ar" "COMPILER_FLAGS= -O2 -c -mcpu=v10.0 -mlittle-endian -mxl-soft-mul" "EXTRA_COMPILER_FLAGS=-ffunction-sections -fdata-sections -Wall -Wextra"
Running Make include in iop_arduino_mb/libsrc/spi_v4_3/src
make -C iop_arduino_mb/libsrc/spi_v4_3/src -s include  "SHELL=/bin/sh" "COMPILER=mb-gcc" "ARCHIVER=mb-ar" "COMPILER_FLAGS= -O2 -c -mcpu=v10.0 -mlittle-endian -mxl-soft-mul" "EXTRA_COMPILER_FLAGS=-ffunction-sections -fdata-sections -Wall -Wextra"
Running Make include in iop_arduino_mb/libsrc/uartlite_v3_2/src
make -C iop_arduino_mb/libsrc/uartlite_v3_2/src -s include  "SHELL=/bin/sh" "COMPILER=mb-gcc" "ARCHIVER=mb-ar" "COMPILER_FLAGS= -O2 -c -mcpu=v10.0 -mlittle-endian -mxl-soft-mul" "EXTRA_COMPILER_FLAGS=-ffunction-sections -fdata-sections -Wall -Wextra"
Running Make include in iop_arduino_mb/libsrc/bram_v4_2/src
make -C iop_arduino_mb/libsrc/bram_v4_2/src -s include  "SHELL=/bin/sh" "COMPILER=mb-gcc" "ARCHIVER=mb-ar" "COMPILER_FLAGS= -O2 -c -mcpu=v10.0 -mlittle-endian -mxl-soft-mul" "EXTRA_COMPILER_FLAGS=-ffunction-sections -fdata-sections -Wall -Wextra"
Running Make include in iop_arduino_mb/libsrc/gpio_v4_3/src
make -C iop_arduino_mb/libsrc/gpio_v4_3/src -s include  "SHELL=/bin/sh" "COMPILER=mb-gcc" "ARCHIVER=mb-ar" "COMPILER_FLAGS= -O2 -c -mcpu=v10.0 -mlittle-endian -mxl-soft-mul" "EXTRA_COMPILER_FLAGS=-ffunction-sections -fdata-sections -Wall -Wextra"
Running Make include in iop_arduino_mb/libsrc/iicps_v3_5/src
make -C iop_arduino_mb/libsrc/iicps_v3_5/src -s include  "SHELL=/bin/sh" "COMPILER=mb-gcc" "ARCHIVER=mb-ar" "COMPILER_FLAGS= -O2 -c -mcpu=v10.0 -mlittle-endian -mxl-soft-mul" "EXTRA_COMPILER_FLAGS=-ffunction-sections -fdata-sections -Wall -Wextra"
Running Make include in iop_arduino_mb/libsrc/sdps_v3_3/src
make -C iop_arduino_mb/libsrc/sdps_v3_3/src -s include  "SHELL=/bin/sh" "COMPILER=mb-gcc" "ARCHIVER=mb-ar" "COMPILER_FLAGS= -O2 -c -mcpu=v10.0 -mlittle-endian -mxl-soft-mul" "EXTRA_COMPILER_FLAGS=-ffunction-sections -fdata-sections -Wall -Wextra"
Running Make include in iop_arduino_mb/libsrc/sysmon_v7_4/src
make -C iop_arduino_mb/libsrc/sysmon_v7_4/src -s include  "SHELL=/bin/sh" "COMPILER=mb-gcc" "ARCHIVER=mb-ar" "COMPILER_FLAGS= -O2 -c -mcpu=v10.0 -mlittle-endian -mxl-soft-mul" "EXTRA_COMPILER_FLAGS=-ffunction-sections -fdata-sections -Wall -Wextra"
Running Make include in iop_arduino_mb/libsrc/emacps_v3_6/src
make -C iop_arduino_mb/libsrc/emacps_v3_6/src -s include  "SHELL=/bin/sh" "COMPILER=mb-gcc" "ARCHIVER=mb-ar" "COMPILER_FLAGS= -O2 -c -mcpu=v10.0 -mlittle-endian -mxl-soft-mul" "EXTRA_COMPILER_FLAGS=-ffunction-sections -fdata-sections -Wall -Wextra"
Running Make include in iop_arduino_mb/libsrc/intc_v3_7/src
make -C iop_arduino_mb/libsrc/intc_v3_7/src -s include  "SHELL=/bin/sh" "COMPILER=mb-gcc" "ARCHIVER=mb-ar" "COMPILER_FLAGS= -O2 -c -mcpu=v10.0 -mlittle-endian -mxl-soft-mul" "EXTRA_COMPILER_FLAGS=-ffunction-sections -fdata-sections -Wall -Wextra"
Running Make include in iop_arduino_mb/libsrc/usbps_v2_4/src
make -C iop_arduino_mb/libsrc/usbps_v2_4/src -s include  "SHELL=/bin/sh" "COMPILER=mb-gcc" "ARCHIVER=mb-ar" "COMPILER_FLAGS= -O2 -c -mcpu=v10.0 -mlittle-endian -mxl-soft-mul" "EXTRA_COMPILER_FLAGS=-ffunction-sections -fdata-sections -Wall -Wextra"
Running Make include in iop_arduino_mb/libsrc/tmrctr_v4_4/src
make -C iop_arduino_mb/libsrc/tmrctr_v4_4/src -s include  "SHELL=/bin/sh" "COMPILER=mb-gcc" "ARCHIVER=mb-ar" "COMPILER_FLAGS= -O2 -c -mcpu=v10.0 -mlittle-endian -mxl-soft-mul" "EXTRA_COMPILER_FLAGS=-ffunction-sections -fdata-sections -Wall -Wextra"
Running Make include in iop_arduino_mb/libsrc/uartps_v3_5/src
make -C iop_arduino_mb/libsrc/uartps_v3_5/src -s include  "SHELL=/bin/sh" "COMPILER=mb-gcc" "ARCHIVER=mb-ar" "COMPILER_FLAGS= -O2 -c -mcpu=v10.0 -mlittle-endian -mxl-soft-mul" "EXTRA_COMPILER_FLAGS=-ffunction-sections -fdata-sections -Wall -Wextra"
Running Make libs in iop_arduino_mb/libsrc/qspips_v3_4/src
make -C iop_arduino_mb/libsrc/qspips_v3_4/src -s libs  "SHELL=/bin/sh" "COMPILER=mb-gcc" "ARCHIVER=mb-ar" "COMPILER_FLAGS= -O2 -c -mcpu=v10.0 -mlittle-endian -mxl-soft-mul" "EXTRA_COMPILER_FLAGS=-ffunction-sections -fdata-sections -Wall -Wextra"
Compiling qspips
mb-ar: creating ../../../lib/libxil.a
Running Make libs in iop_arduino_mb/libsrc/cpu_v2_6/src
make -C iop_arduino_mb/libsrc/cpu_v2_6/src -s libs  "SHELL=/bin/sh" "COMPILER=mb-gcc" "ARCHIVER=mb-ar" "COMPILER_FLAGS= -O2 -c -mcpu=v10.0 -mlittle-endian -mxl-soft-mul" "EXTRA_COMPILER_FLAGS=-ffunction-sections -fdata-sections -Wall -Wextra"
Compiling cpu
Running Make libs in iop_arduino_mb/libsrc/io_switch_v1_0/src
make -C iop_arduino_mb/libsrc/io_switch_v1_0/src -s libs  "SHELL=/bin/sh" "COMPILER=mb-gcc" "ARCHIVER=mb-ar" "COMPILER_FLAGS= -O2 -c -mcpu=v10.0 -mlittle-endian -mxl-soft-mul" "EXTRA_COMPILER_FLAGS=-ffunction-sections -fdata-sections -Wall -Wextra"
Compiling io_switch...
Running Make libs in iop_arduino_mb/libsrc/iic_v3_4/src
make -C iop_arduino_mb/libsrc/iic_v3_4/src -s libs  "SHELL=/bin/sh" "COMPILER=mb-gcc" "ARCHIVER=mb-ar" "COMPILER_FLAGS= -O2 -c -mcpu=v10.0 -mlittle-endian -mxl-soft-mul" "EXTRA_COMPILER_FLAGS=-ffunction-sections -fdata-sections -Wall -Wextra"
Compiling iic
Running Make libs in iop_arduino_mb/libsrc/standalone_v6_5/src
make -C iop_arduino_mb/libsrc/standalone_v6_5/src -s libs  "SHELL=/bin/sh" "COMPILER=mb-gcc" "ARCHIVER=mb-ar" "COMPILER_FLAGS= -O2 -c -mcpu=v10.0 -mlittle-endian -mxl-soft-mul" "EXTRA_COMPILER_FLAGS=-ffunction-sections -fdata-sections -Wall -Wextra"
Compiling standalone
Running Make libs in iop_arduino_mb/libsrc/gpiops_v3_3/src
make -C iop_arduino_mb/libsrc/gpiops_v3_3/src -s libs  "SHELL=/bin/sh" "COMPILER=mb-gcc" "ARCHIVER=mb-ar" "COMPILER_FLAGS= -O2 -c -mcpu=v10.0 -mlittle-endian -mxl-soft-mul" "EXTRA_COMPILER_FLAGS=-ffunction-sections -fdata-sections -Wall -Wextra"
Compiling gpiops
Running Make libs in iop_arduino_mb/libsrc/spi_v4_3/src
make -C iop_arduino_mb/libsrc/spi_v4_3/src -s libs  "SHELL=/bin/sh" "COMPILER=mb-gcc" "ARCHIVER=mb-ar" "COMPILER_FLAGS= -O2 -c -mcpu=v10.0 -mlittle-endian -mxl-soft-mul" "EXTRA_COMPILER_FLAGS=-ffunction-sections -fdata-sections -Wall -Wextra"
Compiling spi
Running Make libs in iop_arduino_mb/libsrc/uartlite_v3_2/src
make -C iop_arduino_mb/libsrc/uartlite_v3_2/src -s libs  "SHELL=/bin/sh" "COMPILER=mb-gcc" "ARCHIVER=mb-ar" "COMPILER_FLAGS= -O2 -c -mcpu=v10.0 -mlittle-endian -mxl-soft-mul" "EXTRA_COMPILER_FLAGS=-ffunction-sections -fdata-sections -Wall -Wextra"
Compiling uartlite
Running Make libs in iop_arduino_mb/libsrc/bram_v4_2/src
make -C iop_arduino_mb/libsrc/bram_v4_2/src -s libs  "SHELL=/bin/sh" "COMPILER=mb-gcc" "ARCHIVER=mb-ar" "COMPILER_FLAGS= -O2 -c -mcpu=v10.0 -mlittle-endian -mxl-soft-mul" "EXTRA_COMPILER_FLAGS=-ffunction-sections -fdata-sections -Wall -Wextra"
Compiling bram
Running Make libs in iop_arduino_mb/libsrc/gpio_v4_3/src
make -C iop_arduino_mb/libsrc/gpio_v4_3/src -s libs  "SHELL=/bin/sh" "COMPILER=mb-gcc" "ARCHIVER=mb-ar" "COMPILER_FLAGS= -O2 -c -mcpu=v10.0 -mlittle-endian -mxl-soft-mul" "EXTRA_COMPILER_FLAGS=-ffunction-sections -fdata-sections -Wall -Wextra"
Compiling gpio
Running Make libs in iop_arduino_mb/libsrc/iicps_v3_5/src
make -C iop_arduino_mb/libsrc/iicps_v3_5/src -s libs  "SHELL=/bin/sh" "COMPILER=mb-gcc" "ARCHIVER=mb-ar" "COMPILER_FLAGS= -O2 -c -mcpu=v10.0 -mlittle-endian -mxl-soft-mul" "EXTRA_COMPILER_FLAGS=-ffunction-sections -fdata-sections -Wall -Wextra"
Compiling iicps
Running Make libs in iop_arduino_mb/libsrc/sdps_v3_3/src
make -C iop_arduino_mb/libsrc/sdps_v3_3/src -s libs  "SHELL=/bin/sh" "COMPILER=mb-gcc" "ARCHIVER=mb-ar" "COMPILER_FLAGS= -O2 -c -mcpu=v10.0 -mlittle-endian -mxl-soft-mul" "EXTRA_COMPILER_FLAGS=-ffunction-sections -fdata-sections -Wall -Wextra"
Compiling sdps
Running Make libs in iop_arduino_mb/libsrc/sysmon_v7_4/src
make -C iop_arduino_mb/libsrc/sysmon_v7_4/src -s libs  "SHELL=/bin/sh" "COMPILER=mb-gcc" "ARCHIVER=mb-ar" "COMPILER_FLAGS= -O2 -c -mcpu=v10.0 -mlittle-endian -mxl-soft-mul" "EXTRA_COMPILER_FLAGS=-ffunction-sections -fdata-sections -Wall -Wextra"
Compiling sysmon
Running Make libs in iop_arduino_mb/libsrc/emacps_v3_6/src
make -C iop_arduino_mb/libsrc/emacps_v3_6/src -s libs  "SHELL=/bin/sh" "COMPILER=mb-gcc" "ARCHIVER=mb-ar" "COMPILER_FLAGS= -O2 -c -mcpu=v10.0 -mlittle-endian -mxl-soft-mul" "EXTRA_COMPILER_FLAGS=-ffunction-sections -fdata-sections -Wall -Wextra"
Compiling emacps
Running Make libs in iop_arduino_mb/libsrc/intc_v3_7/src
make -C iop_arduino_mb/libsrc/intc_v3_7/src -s libs  "SHELL=/bin/sh" "COMPILER=mb-gcc" "ARCHIVER=mb-ar" "COMPILER_FLAGS= -O2 -c -mcpu=v10.0 -mlittle-endian -mxl-soft-mul" "EXTRA_COMPILER_FLAGS=-ffunction-sections -fdata-sections -Wall -Wextra"
Compiling intc
Running Make libs in iop_arduino_mb/libsrc/usbps_v2_4/src
make -C iop_arduino_mb/libsrc/usbps_v2_4/src -s libs  "SHELL=/bin/sh" "COMPILER=mb-gcc" "ARCHIVER=mb-ar" "COMPILER_FLAGS= -O2 -c -mcpu=v10.0 -mlittle-endian -mxl-soft-mul" "EXTRA_COMPILER_FLAGS=-ffunction-sections -fdata-sections -Wall -Wextra"
Compiling usbps
Running Make libs in iop_arduino_mb/libsrc/tmrctr_v4_4/src
make -C iop_arduino_mb/libsrc/tmrctr_v4_4/src -s libs  "SHELL=/bin/sh" "COMPILER=mb-gcc" "ARCHIVER=mb-ar" "COMPILER_FLAGS= -O2 -c -mcpu=v10.0 -mlittle-endian -mxl-soft-mul" "EXTRA_COMPILER_FLAGS=-ffunction-sections -fdata-sections -Wall -Wextra"
Compiling tmrctr
Running Make libs in iop_arduino_mb/libsrc/uartps_v3_5/src
make -C iop_arduino_mb/libsrc/uartps_v3_5/src -s libs  "SHELL=/bin/sh" "COMPILER=mb-gcc" "ARCHIVER=mb-ar" "COMPILER_FLAGS= -O2 -c -mcpu=v10.0 -mlittle-endian -mxl-soft-mul" "EXTRA_COMPILER_FLAGS=-ffunction-sections -fdata-sections -Wall -Wextra"
Compiling uartps
Finished building libraries
17:33:20 **** Build of configuration Debug for project arduino_getsture ****
make all 
Building file: ../src/main.cc
Invoking: MicroBlaze g++ compiler
mb-g++ -Wall -O0 -g3 -c -fmessage-length=0 -MT"src/main.o" -I../../arduino_getsture_bsp/iop_arduino_mb/include -mlittle-endian -mcpu=v10.0 -mxl-soft-mul -Wl,--no-relax -ffunction-sections -fdata-sections -MMD -MP -MF"src/main.d" -MT"src/main.o" -o "src/main.o" "../src/main.cc"
Finished building: ../src/main.cc
 
Building target: arduino_getsture.elf
Invoking: MicroBlaze g++ linker
mb-g++ -Wl,-T -Wl,../src/lscript.ld -L../../arduino_getsture_bsp/iop_arduino_mb/lib -mlittle-endian -mcpu=v10.0 -mxl-soft-mul -Wl,--no-relax -Wl,--gc-sections -o "arduino_getsture.elf"  ./src/main.o   -Wl,--start-group,-lxil,-lgcc,-lc,-lstdc++,--end-group
Finished building target: arduino_getsture.elf
 
Invoking: MicroBlaze Print Size
mb-size arduino_getsture.elf  |tee "arduino_getsture.elf.size"
   text	   data	    bss	    dec	    hex	filename
   2424	    388	   3108	   5920	   1720	arduino_getsture.elf
Finished building: arduino_getsture.elf.size
 
17:33:22 **** Auto Build of configuration Debug for project arduino_getsture ****
make all 
make: Nothing to be done for 'all'.
17:33:49 **** Clean-only build of configuration Debug for project arduino_getsture ****
make clean 
rm -rf  ./src/main.d  ./src/main.o  arduino_getsture.elf.size  arduino_getsture.elf
 
17:33:50 **** Auto Build of configuration Debug for project arduino_getsture ****
make all 
Building file: ../src/main.cc
Invoking: MicroBlaze g++ compiler
mb-g++ -Wall -O0 -g3 -I../../bsp_iop_arduino_mb/iop_arduino_mb/include -c -fmessage-length=0 -MT"src/main.o" -mlittle-endian -mcpu=v10.0 -mxl-soft-mul -Wl,--no-relax -ffunction-sections -fdata-sections -MMD -MP -MF"src/main.d" -MT"src/main.o" -o "src/main.o" "../src/main.cc"
Finished building: ../src/main.cc
 
Building target: arduino_getsture.elf
Invoking: MicroBlaze g++ linker
mb-g++ -L../../bsp_iop_arduino_mb/iop_arduino_mb/lib -Wl,-T -Wl,../src/lscript.ld -mlittle-endian -mcpu=v10.0 -mxl-soft-mul -Wl,--no-relax -Wl,--gc-sections -o "arduino_getsture.elf"  ./src/main.o   -Wl,--start-group,-lxil,-lgcc,-lc,-lstdc++,--end-group
Finished building target: arduino_getsture.elf
 
Invoking: MicroBlaze Print Size
mb-size arduino_getsture.elf  |tee "arduino_getsture.elf.size"
   text	   data	    bss	    dec	    hex	filename
   2424	    388	   3108	   5920	   1720	arduino_getsture.elf
Finished building: arduino_getsture.elf.size
 
17:34:07 **** Clean-only build of configuration Debug for project arduino_getsture ****
make clean 
rm -rf  ./src/main.d  ./src/main.o  arduino_getsture.elf.size  arduino_getsture.elf
 

****  of configuration Debug for project arduino_getsture ****

Nothing to build for project arduino_getsture
17:34:24 **** Auto Build of configuration Debug for project arduino_getsture ****
make all 
Building file: ../src/SparkFun_APDS9960.cpp
Invoking: MicroBlaze g++ compiler
mb-g++ -Wall -O0 -g3 -I../../bsp_iop_arduino_mb/iop_arduino_mb/include -c -fmessage-length=0 -MT"src/SparkFun_APDS9960.o" -mlittle-endian -mcpu=v10.0 -mxl-soft-mul -Wl,--no-relax -ffunction-sections -fdata-sections -MMD -MP -MF"src/SparkFun_APDS9960.d" -MT"src/SparkFun_APDS9960.o" -o "src/SparkFun_APDS9960.o" "../src/SparkFun_APDS9960.cpp"
../src/SparkFun_APDS9960.cpp: In member function 'bool SparkFun_APDS9960::init()':
../src/SparkFun_APDS9960.cpp:60:5: error: 'Wire' was not declared in this scope
     Wire.begin();
     ^~~~
../src/SparkFun_APDS9960.cpp: In member function 'int SparkFun_APDS9960::readGesture()':
../src/SparkFun_APDS9960.cpp:466:30: error: 'delay' was not declared in this scope
         delay(FIFO_PAUSE_TIME);
                              ^
../src/SparkFun_APDS9960.cpp: In member function 'bool SparkFun_APDS9960::processGestureData()':
../src/SparkFun_APDS9960.cpp:893:26: error: 'abs' was not declared in this scope
         if( (abs(ud_delta) < GESTURE_SENSITIVITY_2) && \
                          ^
../src/SparkFun_APDS9960.cpp:912:26: error: 'abs' was not declared in this scope
         if( (abs(ud_delta) < GESTURE_SENSITIVITY_2) && \
                          ^
../src/SparkFun_APDS9960.cpp: In member function 'bool SparkFun_APDS9960::decodeGesture()':
../src/SparkFun_APDS9960.cpp:969:34: error: 'abs' was not declared in this scope
         if( abs(gesture_ud_delta_) > abs(gesture_lr_delta_) ) {
                                  ^
../src/SparkFun_APDS9960.cpp:975:34: error: 'abs' was not declared in this scope
         if( abs(gesture_ud_delta_) > abs(gesture_lr_delta_) ) {
                                  ^
../src/SparkFun_APDS9960.cpp:981:34: error: 'abs' was not declared in this scope
         if( abs(gesture_ud_delta_) > abs(gesture_lr_delta_) ) {
                                  ^
../src/SparkFun_APDS9960.cpp:987:34: error: 'abs' was not declared in this scope
         if( abs(gesture_ud_delta_) > abs(gesture_lr_delta_) ) {
                                  ^
../src/SparkFun_APDS9960.cpp: At global scope:
../src/SparkFun_APDS9960.cpp:2088:6: error: prototype for 'void SparkFun_APDS9960::wireWriteByte(uint8_t)' does not match any in class 'SparkFun_APDS9960'
 void SparkFun_APDS9960::wireWriteByte(uint8_t data){
      ^~~~~~~~~~~~~~~~~
In file included from ../src/SparkFun_APDS9960.cpp:20:0:
../src/SparkFun_APDS9960.h:329:10: error: candidate is: bool SparkFun_APDS9960::wireWriteByte(uint8_t)
     bool wireWriteByte(uint8_t val);
          ^~~~~~~~~~~~~
../src/SparkFun_APDS9960.cpp:2109:6: error: prototype for 'void SparkFun_APDS9960::wireWriteDataByte(uint8_t, uint8_t)' does not match any in class 'SparkFun_APDS9960'
 void SparkFun_APDS9960::wireWriteDataByte(uint8_t regAddr, uint8_t data){
      ^~~~~~~~~~~~~~~~~
In file included from ../src/SparkFun_APDS9960.cpp:20:0:
../src/SparkFun_APDS9960.h:330:10: error: candidate is: bool SparkFun_APDS9960::wireWriteDataByte(uint8_t, uint8_t)
     bool wireWriteDataByte(uint8_t reg, uint8_t val);
          ^~~~~~~~~~~~~~~~~
../src/SparkFun_APDS9960.cpp:2135:6: error: prototype for 'void SparkFun_APDS9960::wireWriteDataBlock(uint8_t, uint8_t*, uint8_t)' does not match any in class 'SparkFun_APDS9960'
 void SparkFun_APDS9960::wireWriteDataBlock(uint8_t regAddr,
      ^~~~~~~~~~~~~~~~~
In file included from ../src/SparkFun_APDS9960.cpp:20:0:
../src/SparkFun_APDS9960.h:331:10: error: candidate is: bool SparkFun_APDS9960::wireWriteDataBlock(uint8_t, uint8_t*, unsigned int)
     bool wireWriteDataBlock(uint8_t reg, uint8_t *val, unsigned int len);
          ^~~~~~~~~~~~~~~~~~
../src/SparkFun_APDS9960.cpp:2171:5: error: prototype for 'int SparkFun_APDS9960::wireReadDataByte(uint8_t, uint8_t*)' does not match any in class 'SparkFun_APDS9960'
 int SparkFun_APDS9960::wireReadDataByte(uint8_t regAddr, uint8_t *data){
     ^~~~~~~~~~~~~~~~~
In file included from ../src/SparkFun_APDS9960.cpp:20:0:
../src/SparkFun_APDS9960.h:332:10: error: candidate is: bool SparkFun_APDS9960::wireReadDataByte(uint8_t, uint8_t&)
     bool wireReadDataByte(uint8_t reg, uint8_t &val);
          ^~~~~~~~~~~~~~~~
../src/SparkFun_APDS9960.cpp:2201:5: error: prototype for 'int SparkFun_APDS9960::wireReadDataBlock(uint8_t, uint8_t, uint8_t*, uint8_t)' does not match any in class 'SparkFun_APDS9960'
 int SparkFun_APDS9960::wireReadDataBlock(uint8_t devAddr, uint8_t regAddr,
     ^~~~~~~~~~~~~~~~~
In file included from ../src/SparkFun_APDS9960.cpp:20:0:
../src/SparkFun_APDS9960.h:333:9: error: candidate is: int SparkFun_APDS9960::wireReadDataBlock(uint8_t, uint8_t*, unsigned int)
     int wireReadDataBlock(uint8_t reg, uint8_t *val, unsigned int len);
         ^~~~~~~~~~~~~~~~~
../src/SparkFun_APDS9960.cpp:22:12: warning: 'device' defined but not used [-Wunused-variable]
 static i2c device;
            ^~~~~~
make: *** [src/SparkFun_APDS9960.o] Error 1
src/subdir.mk:28: recipe for target 'src/SparkFun_APDS9960.o' failed
17:35:08 **** Auto Build of configuration Debug for project arduino_getsture ****
make all 
Building file: ../src/SparkFun_APDS9960.cpp
Invoking: MicroBlaze g++ compiler
mb-g++ -Wall -O0 -g3 -I../../bsp_iop_arduino_mb/iop_arduino_mb/include -c -fmessage-length=0 -MT"src/SparkFun_APDS9960.o" -mlittle-endian -mcpu=v10.0 -mxl-soft-mul -Wl,--no-relax -ffunction-sections -fdata-sections -MMD -MP -MF"src/SparkFun_APDS9960.d" -MT"src/SparkFun_APDS9960.o" -o "src/SparkFun_APDS9960.o" "../src/SparkFun_APDS9960.cpp"
../src/SparkFun_APDS9960.cpp: In member function 'int SparkFun_APDS9960::readGesture()':
../src/SparkFun_APDS9960.cpp:466:30: error: 'delay' was not declared in this scope
         delay(FIFO_PAUSE_TIME);
                              ^
../src/SparkFun_APDS9960.cpp: In member function 'bool SparkFun_APDS9960::processGestureData()':
../src/SparkFun_APDS9960.cpp:893:26: error: 'abs' was not declared in this scope
         if( (abs(ud_delta) < GESTURE_SENSITIVITY_2) && \
                          ^
../src/SparkFun_APDS9960.cpp:912:26: error: 'abs' was not declared in this scope
         if( (abs(ud_delta) < GESTURE_SENSITIVITY_2) && \
                          ^
../src/SparkFun_APDS9960.cpp: In member function 'bool SparkFun_APDS9960::decodeGesture()':
../src/SparkFun_APDS9960.cpp:969:34: error: 'abs' was not declared in this scope
         if( abs(gesture_ud_delta_) > abs(gesture_lr_delta_) ) {
                                  ^
../src/SparkFun_APDS9960.cpp:975:34: error: 'abs' was not declared in this scope
         if( abs(gesture_ud_delta_) > abs(gesture_lr_delta_) ) {
                                  ^
../src/SparkFun_APDS9960.cpp:981:34: error: 'abs' was not declared in this scope
         if( abs(gesture_ud_delta_) > abs(gesture_lr_delta_) ) {
                                  ^
../src/SparkFun_APDS9960.cpp:987:34: error: 'abs' was not declared in this scope
         if( abs(gesture_ud_delta_) > abs(gesture_lr_delta_) ) {
                                  ^
../src/SparkFun_APDS9960.cpp: At global scope:
../src/SparkFun_APDS9960.cpp:2088:6: error: prototype for 'void SparkFun_APDS9960::wireWriteByte(uint8_t)' does not match any in class 'SparkFun_APDS9960'
 void SparkFun_APDS9960::wireWriteByte(uint8_t data){
      ^~~~~~~~~~~~~~~~~
In file included from ../src/SparkFun_APDS9960.cpp:20:0:
../src/SparkFun_APDS9960.h:329:10: error: candidate is: bool SparkFun_APDS9960::wireWriteByte(uint8_t)
     bool wireWriteByte(uint8_t val);
          ^~~~~~~~~~~~~
../src/SparkFun_APDS9960.cpp:2109:6: error: prototype for 'void SparkFun_APDS9960::wireWriteDataByte(uint8_t, uint8_t)' does not match any in class 'SparkFun_APDS9960'
 void SparkFun_APDS9960::wireWriteDataByte(uint8_t regAddr, uint8_t data){
      ^~~~~~~~~~~~~~~~~
In file included from ../src/SparkFun_APDS9960.cpp:20:0:
../src/SparkFun_APDS9960.h:330:10: error: candidate is: bool SparkFun_APDS9960::wireWriteDataByte(uint8_t, uint8_t)
     bool wireWriteDataByte(uint8_t reg, uint8_t val);
          ^~~~~~~~~~~~~~~~~
../src/SparkFun_APDS9960.cpp:2135:6: error: prototype for 'void SparkFun_APDS9960::wireWriteDataBlock(uint8_t, uint8_t*, uint8_t)' does not match any in class 'SparkFun_APDS9960'
 void SparkFun_APDS9960::wireWriteDataBlock(uint8_t regAddr,
      ^~~~~~~~~~~~~~~~~
In file included from ../src/SparkFun_APDS9960.cpp:20:0:
../src/SparkFun_APDS9960.h:331:10: error: candidate is: bool SparkFun_APDS9960::wireWriteDataBlock(uint8_t, uint8_t*, unsigned int)
     bool wireWriteDataBlock(uint8_t reg, uint8_t *val, unsigned int len);
          ^~~~~~~~~~~~~~~~~~
../src/SparkFun_APDS9960.cpp:2171:5: error: prototype for 'int SparkFun_APDS9960::wireReadDataByte(uint8_t, uint8_t*)' does not match any in class 'SparkFun_APDS9960'
 int SparkFun_APDS9960::wireReadDataByte(uint8_t regAddr, uint8_t *data){
     ^~~~~~~~~~~~~~~~~
In file included from ../src/SparkFun_APDS9960.cpp:20:0:
../src/SparkFun_APDS9960.h:332:10: error: candidate is: bool SparkFun_APDS9960::wireReadDataByte(uint8_t, uint8_t&)
     bool wireReadDataByte(uint8_t reg, uint8_t &val);
          ^~~~~~~~~~~~~~~~
../src/SparkFun_APDS9960.cpp:2201:5: error: prototype for 'int SparkFun_APDS9960::wireReadDataBlock(uint8_t, uint8_t, uint8_t*, uint8_t)' does not match any in class 'SparkFun_APDS9960'
 int SparkFun_APDS9960::wireReadDataBlock(uint8_t devAddr, uint8_t regAddr,
     ^~~~~~~~~~~~~~~~~
In file included from ../src/SparkFun_APDS9960.cpp:20:0:
../src/SparkFun_APDS9960.h:333:9: error: candidate is: int SparkFun_APDS9960::wireReadDataBlock(uint8_t, uint8_t*, unsigned int)
     int wireReadDataBlock(uint8_t reg, uint8_t *val, unsigned int len);
         ^~~~~~~~~~~~~~~~~
../src/SparkFun_APDS9960.cpp:22:12: warning: 'device' defined but not used [-Wunused-variable]
 static i2c device;
            ^~~~~~
src/subdir.mk:28: recipe for target 'src/SparkFun_APDS9960.o' failed
make: *** [src/SparkFun_APDS9960.o] Error 1
17:37:14 **** Auto Build of configuration Debug for project arduino_getsture ****
make all 
Building file: ../src/SparkFun_APDS9960.cpp
Invoking: MicroBlaze g++ compiler
mb-g++ -Wall -O0 -g3 -I../../bsp_iop_arduino_mb/iop_arduino_mb/include -c -fmessage-length=0 -MT"src/SparkFun_APDS9960.o" -mlittle-endian -mcpu=v10.0 -mxl-soft-mul -Wl,--no-relax -ffunction-sections -fdata-sections -MMD -MP -MF"src/SparkFun_APDS9960.d" -MT"src/SparkFun_APDS9960.o" -o "src/SparkFun_APDS9960.o" "../src/SparkFun_APDS9960.cpp"
../src/SparkFun_APDS9960.cpp: In member function 'int SparkFun_APDS9960::readGesture()':
../src/SparkFun_APDS9960.cpp:467:30: error: 'delay' was not declared in this scope
         delay(FIFO_PAUSE_TIME);
                              ^
../src/SparkFun_APDS9960.cpp: At global scope:
../src/SparkFun_APDS9960.cpp:2089:6: error: prototype for 'void SparkFun_APDS9960::wireWriteByte(uint8_t)' does not match any in class 'SparkFun_APDS9960'
 void SparkFun_APDS9960::wireWriteByte(uint8_t data){
      ^~~~~~~~~~~~~~~~~
In file included from ../src/SparkFun_APDS9960.cpp:21:0:
../src/SparkFun_APDS9960.h:329:10: error: candidate is: bool SparkFun_APDS9960::wireWriteByte(uint8_t)
     bool wireWriteByte(uint8_t val);
          ^~~~~~~~~~~~~
../src/SparkFun_APDS9960.cpp:2110:6: error: prototype for 'void SparkFun_APDS9960::wireWriteDataByte(uint8_t, uint8_t)' does not match any in class 'SparkFun_APDS9960'
 void SparkFun_APDS9960::wireWriteDataByte(uint8_t regAddr, uint8_t data){
      ^~~~~~~~~~~~~~~~~
In file included from ../src/SparkFun_APDS9960.cpp:21:0:
../src/SparkFun_APDS9960.h:330:10: error: candidate is: bool SparkFun_APDS9960::wireWriteDataByte(uint8_t, uint8_t)
     bool wireWriteDataByte(uint8_t reg, uint8_t val);
          ^~~~~~~~~~~~~~~~~
../src/SparkFun_APDS9960.cpp:2136:6: error: prototype for 'void SparkFun_APDS9960::wireWriteDataBlock(uint8_t, uint8_t*, uint8_t)' does not match any in class 'SparkFun_APDS9960'
 void SparkFun_APDS9960::wireWriteDataBlock(uint8_t regAddr,
      ^~~~~~~~~~~~~~~~~
In file included from ../src/SparkFun_APDS9960.cpp:21:0:
../src/SparkFun_APDS9960.h:331:10: error: candidate is: bool SparkFun_APDS9960::wireWriteDataBlock(uint8_t, uint8_t*, unsigned int)
     bool wireWriteDataBlock(uint8_t reg, uint8_t *val, unsigned int len);
          ^~~~~~~~~~~~~~~~~~
../src/SparkFun_APDS9960.cpp:2172:5: error: prototype for 'int SparkFun_APDS9960::wireReadDataByte(uint8_t, uint8_t*)' does not match any in class 'SparkFun_APDS9960'
 int SparkFun_APDS9960::wireReadDataByte(uint8_t regAddr, uint8_t *data){
     ^~~~~~~~~~~~~~~~~
In file included from ../src/SparkFun_APDS9960.cpp:21:0:
../src/SparkFun_APDS9960.h:332:10: error: candidate is: bool SparkFun_APDS9960::wireReadDataByte(uint8_t, uint8_t&)
     bool wireReadDataByte(uint8_t reg, uint8_t &val);
          ^~~~~~~~~~~~~~~~
../src/SparkFun_APDS9960.cpp:2202:5: error: prototype for 'int SparkFun_APDS9960::wireReadDataBlock(uint8_t, uint8_t, uint8_t*, uint8_t)' does not match any in class 'SparkFun_APDS9960'
 int SparkFun_APDS9960::wireReadDataBlock(uint8_t devAddr, uint8_t regAddr,
     ^~~~~~~~~~~~~~~~~
In file included from ../src/SparkFun_APDS9960.cpp:21:0:
../src/SparkFun_APDS9960.h:333:9: error: candidate is: int SparkFun_APDS9960::wireReadDataBlock(uint8_t, uint8_t*, unsigned int)
     int wireReadDataBlock(uint8_t reg, uint8_t *val, unsigned int len);
         ^~~~~~~~~~~~~~~~~
../src/SparkFun_APDS9960.cpp:23:12: warning: 'device' defined but not used [-Wunused-variable]
 static i2c device;
            ^~~~~~
make: *** [src/SparkFun_APDS9960.o] Error 1
src/subdir.mk:28: recipe for target 'src/SparkFun_APDS9960.o' failed
17:37:16 **** Auto Build of configuration Debug for project arduino_getsture ****
make all 
Building file: ../src/SparkFun_APDS9960.cpp
Invoking: MicroBlaze g++ compiler
mb-g++ -Wall -O0 -g3 -I../../bsp_iop_arduino_mb/iop_arduino_mb/include -c -fmessage-length=0 -MT"src/SparkFun_APDS9960.o" -mlittle-endian -mcpu=v10.0 -mxl-soft-mul -Wl,--no-relax -ffunction-sections -fdata-sections -MMD -MP -MF"src/SparkFun_APDS9960.d" -MT"src/SparkFun_APDS9960.o" -o "src/SparkFun_APDS9960.o" "../src/SparkFun_APDS9960.cpp"
../src/SparkFun_APDS9960.cpp: In member function 'int SparkFun_APDS9960::readGesture()':
../src/SparkFun_APDS9960.cpp:467:30: error: 'delay' was not declared in this scope
         delay(FIFO_PAUSE_TIME);
                              ^
../src/SparkFun_APDS9960.cpp: At global scope:
../src/SparkFun_APDS9960.cpp:2089:6: error: prototype for 'void SparkFun_APDS9960::wireWriteByte(uint8_t)' does not match any in class 'SparkFun_APDS9960'
 void SparkFun_APDS9960::wireWriteByte(uint8_t data){
      ^~~~~~~~~~~~~~~~~
In file included from ../src/SparkFun_APDS9960.cpp:21:0:
../src/SparkFun_APDS9960.h:329:10: error: candidate is: bool SparkFun_APDS9960::wireWriteByte(uint8_t)
     bool wireWriteByte(uint8_t val);
          ^~~~~~~~~~~~~
../src/SparkFun_APDS9960.cpp:2110:6: error: prototype for 'void SparkFun_APDS9960::wireWriteDataByte(uint8_t, uint8_t)' does not match any in class 'SparkFun_APDS9960'
 void SparkFun_APDS9960::wireWriteDataByte(uint8_t regAddr, uint8_t data){
      ^~~~~~~~~~~~~~~~~
In file included from ../src/SparkFun_APDS9960.cpp:21:0:
../src/SparkFun_APDS9960.h:330:10: error: candidate is: bool SparkFun_APDS9960::wireWriteDataByte(uint8_t, uint8_t)
     bool wireWriteDataByte(uint8_t reg, uint8_t val);
          ^~~~~~~~~~~~~~~~~
../src/SparkFun_APDS9960.cpp:2136:6: error: prototype for 'void SparkFun_APDS9960::wireWriteDataBlock(uint8_t, uint8_t*, uint8_t)' does not match any in class 'SparkFun_APDS9960'
 void SparkFun_APDS9960::wireWriteDataBlock(uint8_t regAddr,
      ^~~~~~~~~~~~~~~~~
In file included from ../src/SparkFun_APDS9960.cpp:21:0:
../src/SparkFun_APDS9960.h:331:10: error: candidate is: bool SparkFun_APDS9960::wireWriteDataBlock(uint8_t, uint8_t*, unsigned int)
     bool wireWriteDataBlock(uint8_t reg, uint8_t *val, unsigned int len);
          ^~~~~~~~~~~~~~~~~~
../src/SparkFun_APDS9960.cpp:2172:5: error: prototype for 'int SparkFun_APDS9960::wireReadDataByte(uint8_t, uint8_t*)' does not match any in class 'SparkFun_APDS9960'
 int SparkFun_APDS9960::wireReadDataByte(uint8_t regAddr, uint8_t *data){
     ^~~~~~~~~~~~~~~~~
In file included from ../src/SparkFun_APDS9960.cpp:21:0:
../src/SparkFun_APDS9960.h:332:10: error: candidate is: bool SparkFun_APDS9960::wireReadDataByte(uint8_t, uint8_t&)
     bool wireReadDataByte(uint8_t reg, uint8_t &val);
          ^~~~~~~~~~~~~~~~
../src/SparkFun_APDS9960.cpp:2202:5: error: prototype for 'int SparkFun_APDS9960::wireReadDataBlock(uint8_t, uint8_t, uint8_t*, uint8_t)' does not match any in class 'SparkFun_APDS9960'
 int SparkFun_APDS9960::wireReadDataBlock(uint8_t devAddr, uint8_t regAddr,
     ^~~~~~~~~~~~~~~~~
In file included from ../src/SparkFun_APDS9960.cpp:21:0:
../src/SparkFun_APDS9960.h:333:9: error: candidate is: int SparkFun_APDS9960::wireReadDataBlock(uint8_t, uint8_t*, unsigned int)
     int wireReadDataBlock(uint8_t reg, uint8_t *val, unsigned int len);
         ^~~~~~~~~~~~~~~~~
../src/SparkFun_APDS9960.cpp:23:12: warning: 'device' defined but not used [-Wunused-variable]
src/subdir.mk:28: recipe for target 'src/SparkFun_APDS9960.o' failed
 static i2c device;
            ^~~~~~
make: *** [src/SparkFun_APDS9960.o] Error 1
17:37:33 **** Auto Build of configuration Debug for project arduino_getsture ****
make all 
Building file: ../src/SparkFun_APDS9960.cpp
Invoking: MicroBlaze g++ compiler
mb-g++ -Wall -O0 -g3 -I../../bsp_iop_arduino_mb/iop_arduino_mb/include -c -fmessage-length=0 -MT"src/SparkFun_APDS9960.o" -mlittle-endian -mcpu=v10.0 -mxl-soft-mul -Wl,--no-relax -ffunction-sections -fdata-sections -MMD -MP -MF"src/SparkFun_APDS9960.d" -MT"src/SparkFun_APDS9960.o" -o "src/SparkFun_APDS9960.o" "../src/SparkFun_APDS9960.cpp"
../src/SparkFun_APDS9960.cpp: In member function 'int SparkFun_APDS9960::readGesture()':
../src/SparkFun_APDS9960.cpp:468:30: error: 'delay' was not declared in this scope
         delay(FIFO_PAUSE_TIME);
                              ^
../src/SparkFun_APDS9960.cpp: At global scope:
../src/SparkFun_APDS9960.cpp:2090:6: error: prototype for 'void SparkFun_APDS9960::wireWriteByte(uint8_t)' does not match any in class 'SparkFun_APDS9960'
 void SparkFun_APDS9960::wireWriteByte(uint8_t data){
      ^~~~~~~~~~~~~~~~~
In file included from ../src/SparkFun_APDS9960.cpp:22:0:
../src/SparkFun_APDS9960.h:329:10: error: candidate is: bool SparkFun_APDS9960::wireWriteByte(uint8_t)
     bool wireWriteByte(uint8_t val);
          ^~~~~~~~~~~~~
../src/SparkFun_APDS9960.cpp:2111:6: error: prototype for 'void SparkFun_APDS9960::wireWriteDataByte(uint8_t, uint8_t)' does not match any in class 'SparkFun_APDS9960'
 void SparkFun_APDS9960::wireWriteDataByte(uint8_t regAddr, uint8_t data){
      ^~~~~~~~~~~~~~~~~
In file included from ../src/SparkFun_APDS9960.cpp:22:0:
../src/SparkFun_APDS9960.h:330:10: error: candidate is: bool SparkFun_APDS9960::wireWriteDataByte(uint8_t, uint8_t)
     bool wireWriteDataByte(uint8_t reg, uint8_t val);
          ^~~~~~~~~~~~~~~~~
../src/SparkFun_APDS9960.cpp:2137:6: error: prototype for 'void SparkFun_APDS9960::wireWriteDataBlock(uint8_t, uint8_t*, uint8_t)' does not match any in class 'SparkFun_APDS9960'
 void SparkFun_APDS9960::wireWriteDataBlock(uint8_t regAddr,
      ^~~~~~~~~~~~~~~~~
In file included from ../src/SparkFun_APDS9960.cpp:22:0:
../src/SparkFun_APDS9960.h:331:10: error: candidate is: bool SparkFun_APDS9960::wireWriteDataBlock(uint8_t, uint8_t*, unsigned int)
     bool wireWriteDataBlock(uint8_t reg, uint8_t *val, unsigned int len);
          ^~~~~~~~~~~~~~~~~~
../src/SparkFun_APDS9960.cpp:2173:5: error: prototype for 'int SparkFun_APDS9960::wireReadDataByte(uint8_t, uint8_t*)' does not match any in class 'SparkFun_APDS9960'
 int SparkFun_APDS9960::wireReadDataByte(uint8_t regAddr, uint8_t *data){
     ^~~~~~~~~~~~~~~~~
In file included from ../src/SparkFun_APDS9960.cpp:22:0:
../src/SparkFun_APDS9960.h:332:10: error: candidate is: bool SparkFun_APDS9960::wireReadDataByte(uint8_t, uint8_t&)
     bool wireReadDataByte(uint8_t reg, uint8_t &val);
          ^~~~~~~~~~~~~~~~
../src/SparkFun_APDS9960.cpp:2203:5: error: prototype for 'int SparkFun_APDS9960::wireReadDataBlock(uint8_t, uint8_t, uint8_t*, uint8_t)' does not match any in class 'SparkFun_APDS9960'
 int SparkFun_APDS9960::wireReadDataBlock(uint8_t devAddr, uint8_t regAddr,
     ^~~~~~~~~~~~~~~~~
In file included from ../src/SparkFun_APDS9960.cpp:22:0:
../src/SparkFun_APDS9960.h:333:9: error: candidate is: int SparkFun_APDS9960::wireReadDataBlock(uint8_t, uint8_t*, unsigned int)
     int wireReadDataBlock(uint8_t reg, uint8_t *val, unsigned int len);
         ^~~~~~~~~~~~~~~~~
../src/SparkFun_APDS9960.cpp:24:12: warning: 'device' defined but not used [-Wunused-variable]
 static i2c device;
            ^~~~~~
src/subdir.mk:28: recipe for target 'src/SparkFun_APDS9960.o' failed
make: *** [src/SparkFun_APDS9960.o] Error 1
17:38:31 **** Auto Build of configuration Debug for project arduino_getsture ****
make all 
Building file: ../src/SparkFun_APDS9960.cpp
Invoking: MicroBlaze g++ compiler
mb-g++ -Wall -O0 -g3 -I../../bsp_iop_arduino_mb/iop_arduino_mb/include -c -fmessage-length=0 -MT"src/SparkFun_APDS9960.o" -mlittle-endian -mcpu=v10.0 -mxl-soft-mul -Wl,--no-relax -ffunction-sections -fdata-sections -MMD -MP -MF"src/SparkFun_APDS9960.d" -MT"src/SparkFun_APDS9960.o" -o "src/SparkFun_APDS9960.o" "../src/SparkFun_APDS9960.cpp"
../src/SparkFun_APDS9960.cpp:2092:6: error: prototype for 'void SparkFun_APDS9960::wireWriteByte(uint8_t)' does not match any in class 'SparkFun_APDS9960'
 void SparkFun_APDS9960::wireWriteByte(uint8_t data){
      ^~~~~~~~~~~~~~~~~
In file included from ../src/SparkFun_APDS9960.cpp:22:0:
../src/SparkFun_APDS9960.h:329:10: error: candidate is: bool SparkFun_APDS9960::wireWriteByte(uint8_t)
     bool wireWriteByte(uint8_t val);
          ^~~~~~~~~~~~~
../src/SparkFun_APDS9960.cpp:2113:6: error: prototype for 'void SparkFun_APDS9960::wireWriteDataByte(uint8_t, uint8_t)' does not match any in class 'SparkFun_APDS9960'
 void SparkFun_APDS9960::wireWriteDataByte(uint8_t regAddr, uint8_t data){
      ^~~~~~~~~~~~~~~~~
In file included from ../src/SparkFun_APDS9960.cpp:22:0:
../src/SparkFun_APDS9960.h:330:10: error: candidate is: bool SparkFun_APDS9960::wireWriteDataByte(uint8_t, uint8_t)
     bool wireWriteDataByte(uint8_t reg, uint8_t val);
          ^~~~~~~~~~~~~~~~~
../src/SparkFun_APDS9960.cpp:2139:6: error: prototype for 'void SparkFun_APDS9960::wireWriteDataBlock(uint8_t, uint8_t*, uint8_t)' does not match any in class 'SparkFun_APDS9960'
 void SparkFun_APDS9960::wireWriteDataBlock(uint8_t regAddr,
      ^~~~~~~~~~~~~~~~~
In file included from ../src/SparkFun_APDS9960.cpp:22:0:
../src/SparkFun_APDS9960.h:331:10: error: candidate is: bool SparkFun_APDS9960::wireWriteDataBlock(uint8_t, uint8_t*, unsigned int)
     bool wireWriteDataBlock(uint8_t reg, uint8_t *val, unsigned int len);
          ^~~~~~~~~~~~~~~~~~
../src/SparkFun_APDS9960.cpp:2175:5: error: prototype for 'int SparkFun_APDS9960::wireReadDataByte(uint8_t, uint8_t*)' does not match any in class 'SparkFun_APDS9960'
 int SparkFun_APDS9960::wireReadDataByte(uint8_t regAddr, uint8_t *data){
     ^~~~~~~~~~~~~~~~~
In file included from ../src/SparkFun_APDS9960.cpp:22:0:
../src/SparkFun_APDS9960.h:332:10: error: candidate is: bool SparkFun_APDS9960::wireReadDataByte(uint8_t, uint8_t&)
     bool wireReadDataByte(uint8_t reg, uint8_t &val);
          ^~~~~~~~~~~~~~~~
../src/SparkFun_APDS9960.cpp:2205:5: error: prototype for 'int SparkFun_APDS9960::wireReadDataBlock(uint8_t, uint8_t, uint8_t*, uint8_t)' does not match any in class 'SparkFun_APDS9960'
 int SparkFun_APDS9960::wireReadDataBlock(uint8_t devAddr, uint8_t regAddr,
     ^~~~~~~~~~~~~~~~~
In file included from ../src/SparkFun_APDS9960.cpp:22:0:
../src/SparkFun_APDS9960.h:333:9: error: candidate is: int SparkFun_APDS9960::wireReadDataBlock(uint8_t, uint8_t*, unsigned int)
     int wireReadDataBlock(uint8_t reg, uint8_t *val, unsigned int len);
         ^~~~~~~~~~~~~~~~~
../src/SparkFun_APDS9960.cpp:26:12: warning: 'device' defined but not used [-Wunused-variable]
 static i2c device;
            ^~~~~~
make: *** [src/SparkFun_APDS9960.o] Error 1
src/subdir.mk:28: recipe for target 'src/SparkFun_APDS9960.o' failed
17:39:38 **** Auto Build of configuration Debug for project arduino_getsture ****
make all 
Building file: ../src/SparkFun_APDS9960.cpp
Invoking: MicroBlaze g++ compiler
mb-g++ -Wall -O0 -g3 -I../../bsp_iop_arduino_mb/iop_arduino_mb/include -c -fmessage-length=0 -MT"src/SparkFun_APDS9960.o" -mlittle-endian -mcpu=v10.0 -mxl-soft-mul -Wl,--no-relax -ffunction-sections -fdata-sections -MMD -MP -MF"src/SparkFun_APDS9960.d" -MT"src/SparkFun_APDS9960.o" -o "src/SparkFun_APDS9960.o" "../src/SparkFun_APDS9960.cpp"
../src/SparkFun_APDS9960.cpp: In member function 'bool SparkFun_APDS9960::wireWriteByte(uint8_t)':
../src/SparkFun_APDS9960.cpp:2093:49: error: invalid conversion from 'uint8_t {aka unsigned char}' to 'unsigned char*' [-fpermissive]
     i2c_write(device, APDS9960_I2C_ADDR, data, 1);
                                                 ^
In file included from ../src/SparkFun_APDS9960.cpp:19:0:
../../bsp_iop_arduino_mb/iop_arduino_mb/include/i2c.h:68:6: note:   initializing argument 3 of 'void i2c_write(i2c, unsigned int, unsigned char*, unsigned int)'
 void i2c_write(i2c dev_id, unsigned int slave_address,
      ^~~~~~~~~
../src/SparkFun_APDS9960.cpp:2094:1: warning: no return statement in function returning non-void [-Wreturn-type]
 }
 ^
../src/SparkFun_APDS9960.cpp: In member function 'bool SparkFun_APDS9960::wireWriteDataByte(uint8_t, uint8_t)':
../src/SparkFun_APDS9960.cpp:2118:1: warning: no return statement in function returning non-void [-Wreturn-type]
 }
 ^
../src/SparkFun_APDS9960.cpp: At global scope:
../src/SparkFun_APDS9960.cpp:2139:6: error: prototype for 'bool SparkFun_APDS9960::wireWriteDataBlock(uint8_t, uint8_t*, uint8_t)' does not match any in class 'SparkFun_APDS9960'
 bool SparkFun_APDS9960::wireWriteDataBlock(uint8_t regAddr,
      ^~~~~~~~~~~~~~~~~
In file included from ../src/SparkFun_APDS9960.cpp:22:0:
../src/SparkFun_APDS9960.h:331:10: error: candidate is: bool SparkFun_APDS9960::wireWriteDataBlock(uint8_t, uint8_t*, unsigned int)
     bool wireWriteDataBlock(uint8_t reg, uint8_t *val, unsigned int len);
          ^~~~~~~~~~~~~~~~~~
../src/SparkFun_APDS9960.cpp:2205:5: error: prototype for 'int SparkFun_APDS9960::wireReadDataBlock(uint8_t, uint8_t, uint8_t*, unsigned int)' does not match any in class 'SparkFun_APDS9960'
 int SparkFun_APDS9960::wireReadDataBlock(uint8_t devAddr, uint8_t regAddr,
     ^~~~~~~~~~~~~~~~~
In file included from ../src/SparkFun_APDS9960.cpp:22:0:
../src/SparkFun_APDS9960.h:333:9: error: candidate is: int SparkFun_APDS9960::wireReadDataBlock(uint8_t, uint8_t*, unsigned int)
     int wireReadDataBlock(uint8_t reg, uint8_t *val, unsigned int len);
         ^~~~~~~~~~~~~~~~~
make: *** [src/SparkFun_APDS9960.o] Error 1
src/subdir.mk:28: recipe for target 'src/SparkFun_APDS9960.o' failed
17:39:59 **** Auto Build of configuration Debug for project arduino_getsture ****
make all 
Building file: ../src/SparkFun_APDS9960.cpp
Invoking: MicroBlaze g++ compiler
mb-g++ -Wall -O0 -g3 -I../../bsp_iop_arduino_mb/iop_arduino_mb/include -c -fmessage-length=0 -MT"src/SparkFun_APDS9960.o" -mlittle-endian -mcpu=v10.0 -mxl-soft-mul -Wl,--no-relax -ffunction-sections -fdata-sections -MMD -MP -MF"src/SparkFun_APDS9960.d" -MT"src/SparkFun_APDS9960.o" -o "src/SparkFun_APDS9960.o" "../src/SparkFun_APDS9960.cpp"
../src/SparkFun_APDS9960.cpp: In member function 'bool SparkFun_APDS9960::wireWriteByte(uint8_t)':
../src/SparkFun_APDS9960.cpp:2093:49: error: invalid conversion from 'uint8_t {aka unsigned char}' to 'unsigned char*' [-fpermissive]
     i2c_write(device, APDS9960_I2C_ADDR, data, 1);
                                                 ^
In file included from ../src/SparkFun_APDS9960.cpp:19:0:
../../bsp_iop_arduino_mb/iop_arduino_mb/include/i2c.h:68:6: note:   initializing argument 3 of 'void i2c_write(i2c, unsigned int, unsigned char*, unsigned int)'
 void i2c_write(i2c dev_id, unsigned int slave_address,
      ^~~~~~~~~
../src/SparkFun_APDS9960.cpp:2094:1: warning: no return statement in function returning non-void [-Wreturn-type]
 }
 ^
../src/SparkFun_APDS9960.cpp: In member function 'bool SparkFun_APDS9960::wireWriteDataByte(uint8_t, uint8_t)':
../src/SparkFun_APDS9960.cpp:2118:1: warning: no return statement in function returning non-void [-Wreturn-type]
 }
 ^
../src/SparkFun_APDS9960.cpp: In member function 'bool SparkFun_APDS9960::wireWriteDataBlock(uint8_t, uint8_t*, unsigned int)':
../src/SparkFun_APDS9960.cpp:2149:1: warning: no return statement in function returning non-void [-Wreturn-type]
 }
 ^
../src/SparkFun_APDS9960.cpp: At global scope:
../src/SparkFun_APDS9960.cpp:2205:5: error: prototype for 'int SparkFun_APDS9960::wireReadDataBlock(uint8_t, uint8_t, uint8_t*, unsigned int)' does not match any in class 'SparkFun_APDS9960'
 int SparkFun_APDS9960::wireReadDataBlock(uint8_t devAddr, uint8_t regAddr,
     ^~~~~~~~~~~~~~~~~
In file included from ../src/SparkFun_APDS9960.cpp:22:0:
../src/SparkFun_APDS9960.h:333:9: error: candidate is: int SparkFun_APDS9960::wireReadDataBlock(uint8_t, uint8_t*, unsigned int)
     int wireReadDataBlock(uint8_t reg, uint8_t *val, unsigned int len);
src/subdir.mk:28: recipe for target 'src/SparkFun_APDS9960.o' failed
         ^~~~~~~~~~~~~~~~~
make: *** [src/SparkFun_APDS9960.o] Error 1
17:40:20 **** Auto Build of configuration Debug for project arduino_getsture ****
make all 
Building file: ../src/SparkFun_APDS9960.cpp
Invoking: MicroBlaze g++ compiler
mb-g++ -Wall -O0 -g3 -I../../bsp_iop_arduino_mb/iop_arduino_mb/include -c -fmessage-length=0 -MT"src/SparkFun_APDS9960.o" -mlittle-endian -mcpu=v10.0 -mxl-soft-mul -Wl,--no-relax -ffunction-sections -fdata-sections -MMD -MP -MF"src/SparkFun_APDS9960.d" -MT"src/SparkFun_APDS9960.o" -o "src/SparkFun_APDS9960.o" "../src/SparkFun_APDS9960.cpp"
../src/SparkFun_APDS9960.cpp: In member function 'bool SparkFun_APDS9960::wireWriteByte(uint8_t)':
../src/SparkFun_APDS9960.cpp:2094:1: warning: no return statement in function returning non-void [-Wreturn-type]
 }
 ^
../src/SparkFun_APDS9960.cpp: In member function 'bool SparkFun_APDS9960::wireWriteDataByte(uint8_t, uint8_t)':
../src/SparkFun_APDS9960.cpp:2118:1: warning: no return statement in function returning non-void [-Wreturn-type]
 }
 ^
../src/SparkFun_APDS9960.cpp: In member function 'bool SparkFun_APDS9960::wireWriteDataBlock(uint8_t, uint8_t*, unsigned int)':
../src/SparkFun_APDS9960.cpp:2149:1: warning: no return statement in function returning non-void [-Wreturn-type]
 }
 ^
../src/SparkFun_APDS9960.cpp: At global scope:
../src/SparkFun_APDS9960.cpp:2205:5: error: prototype for 'int SparkFun_APDS9960::wireReadDataBlock(uint8_t, uint8_t, uint8_t*, unsigned int)' does not match any in class 'SparkFun_APDS9960'
 int SparkFun_APDS9960::wireReadDataBlock(uint8_t devAddr, uint8_t regAddr,
     ^~~~~~~~~~~~~~~~~
In file included from ../src/SparkFun_APDS9960.cpp:22:0:
../src/SparkFun_APDS9960.h:333:9: error: candidate is: int SparkFun_APDS9960::wireReadDataBlock(uint8_t, uint8_t*, unsigned int)
     int wireReadDataBlock(uint8_t reg, uint8_t *val, unsigned int len);
         ^~~~~~~~~~~~~~~~~
src/subdir.mk:28: recipe for target 'src/SparkFun_APDS9960.o' failed
make: *** [src/SparkFun_APDS9960.o] Error 1
17:40:52 **** Auto Build of configuration Debug for project arduino_getsture ****
make all 
Building file: ../src/SparkFun_APDS9960.cpp
Invoking: MicroBlaze g++ compiler
mb-g++ -Wall -O0 -g3 -I../../bsp_iop_arduino_mb/iop_arduino_mb/include -c -fmessage-length=0 -MT"src/SparkFun_APDS9960.o" -mlittle-endian -mcpu=v10.0 -mxl-soft-mul -Wl,--no-relax -ffunction-sections -fdata-sections -MMD -MP -MF"src/SparkFun_APDS9960.d" -MT"src/SparkFun_APDS9960.o" -o "src/SparkFun_APDS9960.o" "../src/SparkFun_APDS9960.cpp"
../src/SparkFun_APDS9960.cpp: In member function 'bool SparkFun_APDS9960::wireWriteByte(uint8_t)':
../src/SparkFun_APDS9960.cpp:2094:1: warning: no return statement in function returning non-void [-Wreturn-type]
 }
 ^
../src/SparkFun_APDS9960.cpp: In member function 'bool SparkFun_APDS9960::wireWriteDataByte(uint8_t, uint8_t)':
../src/SparkFun_APDS9960.cpp:2118:1: warning: no return statement in function returning non-void [-Wreturn-type]
 }
 ^
Finished building: ../src/SparkFun_APDS9960.cpp
 
Building file: ../src/arduino_getsture.c
Invoking: MicroBlaze g++ compiler
mb-g++ -Wall -O0 -g3 -I../../bsp_iop_arduino_mb/iop_arduino_mb/include -c -fmessage-length=0 -MT"src/arduino_getsture.o" -mlittle-endian -mcpu=v10.0 -mxl-soft-mul -Wl,--no-relax -ffunction-sections -fdata-sections -MMD -MP -MF"src/arduino_getsture.d" -MT"src/arduino_getsture.o" -o "src/arduino_getsture.o" "../src/arduino_getsture.c"
../src/arduino_getsture.c: In function 'int main()':
../src/arduino_getsture.c:65:27: error: 'printf' was not declared in this scope
  printf("Gesture Test\r\n");
                           ^
src/subdir.mk:35: recipe for target 'src/arduino_getsture.o' failed
make: *** [src/arduino_getsture.o] Error 1
17:41:05 **** Auto Build of configuration Debug for project arduino_getsture ****
make all 
Building file: ../src/SparkFun_APDS9960.cpp
Invoking: MicroBlaze g++ compiler
mb-g++ -Wall -O0 -g3 -I../../bsp_iop_arduino_mb/iop_arduino_mb/include -c -fmessage-length=0 -MT"src/SparkFun_APDS9960.o" -mlittle-endian -mcpu=v10.0 -mxl-soft-mul -Wl,--no-relax -ffunction-sections -fdata-sections -MMD -MP -MF"src/SparkFun_APDS9960.d" -MT"src/SparkFun_APDS9960.o" -o "src/SparkFun_APDS9960.o" "../src/SparkFun_APDS9960.cpp"
Finished building: ../src/SparkFun_APDS9960.cpp
 
Building file: ../src/arduino_getsture.c
Invoking: MicroBlaze g++ compiler
mb-g++ -Wall -O0 -g3 -I../../bsp_iop_arduino_mb/iop_arduino_mb/include -c -fmessage-length=0 -MT"src/arduino_getsture.o" -mlittle-endian -mcpu=v10.0 -mxl-soft-mul -Wl,--no-relax -ffunction-sections -fdata-sections -MMD -MP -MF"src/arduino_getsture.d" -MT"src/arduino_getsture.o" -o "src/arduino_getsture.o" "../src/arduino_getsture.c"
../src/arduino_getsture.c: In function 'int main()':
../src/arduino_getsture.c:65:27: error: 'printf' was not declared in this scope
  printf("Gesture Test\r\n");
                           ^
src/subdir.mk:35: recipe for target 'src/arduino_getsture.o' failed
make: *** [src/arduino_getsture.o] Error 1
17:41:20 **** Auto Build of configuration Debug for project arduino_getsture ****
make all 
Building file: ../src/arduino_getsture.c
Invoking: MicroBlaze g++ compiler
mb-g++ -Wall -O0 -g3 -I../../bsp_iop_arduino_mb/iop_arduino_mb/include -c -fmessage-length=0 -MT"src/arduino_getsture.o" -mlittle-endian -mcpu=v10.0 -mxl-soft-mul -Wl,--no-relax -ffunction-sections -fdata-sections -MMD -MP -MF"src/arduino_getsture.d" -MT"src/arduino_getsture.o" -o "src/arduino_getsture.o" "../src/arduino_getsture.c"
Finished building: ../src/arduino_getsture.c
 
Building target: arduino_getsture.elf
Invoking: MicroBlaze g++ linker
mb-g++ -L../../bsp_iop_arduino_mb/iop_arduino_mb/lib -Wl,-T -Wl,../src/lscript.ld -mlittle-endian -mcpu=v10.0 -mxl-soft-mul -Wl,--no-relax -Wl,--gc-sections -o "arduino_getsture.elf"  ./src/SparkFun_APDS9960.o ./src/arduino_getsture.o   -Wl,--start-group,-lxil,-lgcc,-lc,-lstdc++,--end-group
/opt/Xilinx/SDK/2017.4/gnu/microblaze/lin/bin/../lib/gcc/microblaze-xilinx-elf/6.2.0/../../../../microblaze-xilinx-elf/bin/ld: arduino_getsture.elf section `.text' will not fit in region `iop_arduino_lmb_lmb_bram_if_cntlr_Mem'
/opt/Xilinx/SDK/2017.4/gnu/microblaze/lin/bin/../lib/gcc/microblaze-xilinx-elf/6.2.0/../../../../microblaze-xilinx-elf/bin/ld: region `iop_arduino_lmb_lmb_bram_if_cntlr_Mem' overflowed by 42576 bytes
./src/SparkFun_APDS9960.o: In function `SparkFun_APDS9960::wireWriteDataByte(unsigned char, unsigned char)':
/home/junhonglin/Xilinx/PYNQ_Car/base.sdk/arduino_getsture/Debug/../src/SparkFun_APDS9960.cpp:2152: undefined reference to `i2c_write(int, unsigned int, unsigned char*, unsigned int)'
./src/SparkFun_APDS9960.o: In function `SparkFun_APDS9960::wireReadDataByte(unsigned char, unsigned char&)':
/home/junhonglin/Xilinx/PYNQ_Car/base.sdk/arduino_getsture/Debug/../src/SparkFun_APDS9960.cpp:2179: undefined reference to `i2c_write(int, unsigned int, unsigned char*, unsigned int)'
makefile:48: recipe for target 'arduino_getsture.elf' failed
/home/junhonglin/Xilinx/PYNQ_Car/base.sdk/arduino_getsture/Debug/../src/SparkFun_APDS9960.cpp:2180: undefined reference to `i2c_read(int, unsigned int, unsigned char*, unsigned int)'
./src/SparkFun_APDS9960.o: In function `SparkFun_APDS9960::wireReadDataBlock(unsigned char, unsigned char*, unsigned int)':
/home/junhonglin/Xilinx/PYNQ_Car/base.sdk/arduino_getsture/Debug/../src/SparkFun_APDS9960.cpp:2210: undefined reference to `i2c_write(int, unsigned int, unsigned char*, unsigned int)'
/home/junhonglin/Xilinx/PYNQ_Car/base.sdk/arduino_getsture/Debug/../src/SparkFun_APDS9960.cpp:2211: undefined reference to `i2c_read(int, unsigned int, unsigned char*, unsigned int)'
./src/arduino_getsture.o: In function `main':
/home/junhonglin/Xilinx/PYNQ_Car/base.sdk/arduino_getsture/Debug/../src/arduino_getsture.c:64: undefined reference to `i2c_open_device(unsigned int)'
/home/junhonglin/Xilinx/PYNQ_Car/base.sdk/arduino_getsture/Debug/../src/arduino_getsture.c:64: undefined reference to `device'
collect2: error: ld returned 1 exit status
make: *** [arduino_getsture.elf] Error 1
17:48:54 **** Auto Build of configuration Debug for project arduino_getsture ****
make all 
Building file: ../src/arduino_getsture.c
Invoking: MicroBlaze g++ compiler
mb-g++ -Wall -O0 -g3 -I../../bsp_iop_arduino_mb/iop_arduino_mb/include -c -fmessage-length=0 -MT"src/arduino_getsture.o" -mlittle-endian -mcpu=v10.0 -mxl-soft-mul -Wl,--no-relax -ffunction-sections -fdata-sections -MMD -MP -MF"src/arduino_getsture.d" -MT"src/arduino_getsture.o" -o "src/arduino_getsture.o" "../src/arduino_getsture.c"
Finished building: ../src/arduino_getsture.c
 
Building target: arduino_getsture.elf
Invoking: MicroBlaze g++ linker
mb-g++ -L../../bsp_iop_arduino_mb/iop_arduino_mb/lib -Wl,-T -Wl,../src/lscript.ld -mlittle-endian -mcpu=v10.0 -mxl-soft-mul -Wl,--no-relax -Wl,--gc-sections -o "arduino_getsture.elf"  ./src/SparkFun_APDS9960.o ./src/arduino_getsture.o   -Wl,--start-group,-lxil,-lgcc,-lc,-lstdc++,--end-group
/opt/Xilinx/SDK/2017.4/gnu/microblaze/lin/bin/../lib/gcc/microblaze-xilinx-elf/6.2.0/../../../../microblaze-xilinx-elf/bin/ld: arduino_getsture.elf section `.text' will not fit in region `iop_arduino_lmb_lmb_bram_if_cntlr_Mem'
makefile:48: recipe for target 'arduino_getsture.elf' failed
/opt/Xilinx/SDK/2017.4/gnu/microblaze/lin/bin/../lib/gcc/microblaze-xilinx-elf/6.2.0/../../../../microblaze-xilinx-elf/bin/ld: region `iop_arduino_lmb_lmb_bram_if_cntlr_Mem' overflowed by 42576 bytes
./src/SparkFun_APDS9960.o: In function `SparkFun_APDS9960::wireWriteDataByte(unsigned char, unsigned char)':
/home/junhonglin/Xilinx/PYNQ_Car/base.sdk/arduino_getsture/Debug/../src/SparkFun_APDS9960.cpp:2152: undefined reference to `i2c_write(int, unsigned int, unsigned char*, unsigned int)'
./src/SparkFun_APDS9960.o: In function `SparkFun_APDS9960::wireReadDataByte(unsigned char, unsigned char&)':
/home/junhonglin/Xilinx/PYNQ_Car/base.sdk/arduino_getsture/Debug/../src/SparkFun_APDS9960.cpp:2179: undefined reference to `i2c_write(int, unsigned int, unsigned char*, unsigned int)'
/home/junhonglin/Xilinx/PYNQ_Car/base.sdk/arduino_getsture/Debug/../src/SparkFun_APDS9960.cpp:2180: undefined reference to `i2c_read(int, unsigned int, unsigned char*, unsigned int)'
./src/SparkFun_APDS9960.o: In function `SparkFun_APDS9960::wireReadDataBlock(unsigned char, unsigned char*, unsigned int)':
/home/junhonglin/Xilinx/PYNQ_Car/base.sdk/arduino_getsture/Debug/../src/SparkFun_APDS9960.cpp:2210: undefined reference to `i2c_write(int, unsigned int, unsigned char*, unsigned int)'
/home/junhonglin/Xilinx/PYNQ_Car/base.sdk/arduino_getsture/Debug/../src/SparkFun_APDS9960.cpp:2211: undefined reference to `i2c_read(int, unsigned int, unsigned char*, unsigned int)'
./src/arduino_getsture.o: In function `main':
/home/junhonglin/Xilinx/PYNQ_Car/base.sdk/arduino_getsture/Debug/../src/arduino_getsture.c:64: undefined reference to `i2c_open_device(unsigned int)'
/home/junhonglin/Xilinx/PYNQ_Car/base.sdk/arduino_getsture/Debug/../src/arduino_getsture.c:64: undefined reference to `device'
collect2: error: ld returned 1 exit status
make: *** [arduino_getsture.elf] Error 1
17:49:55 **** Clean-only build of configuration Debug for project arduino_getsture ****
make clean 
rm -rf  ./src/SparkFun_APDS9960.o ./src/arduino_getsture.o  ./src/arduino_getsture.d  ./src/SparkFun_APDS9960.d  arduino_getsture.elf.size  arduino_getsture.elf
 
17:49:55 **** Auto Build of configuration Debug for project arduino_getsture ****
make all 
Building file: ../src/SparkFun_APDS9960.c
Invoking: MicroBlaze g++ compiler
mb-g++ -Wall -O0 -g3 -I../../bsp_iop_arduino_mb/iop_arduino_mb/include -c -fmessage-length=0 -MT"src/SparkFun_APDS9960.o" -mlittle-endian -mcpu=v10.0 -mxl-soft-mul -Wl,--no-relax -ffunction-sections -fdata-sections -MMD -MP -MF"src/SparkFun_APDS9960.d" -MT"src/SparkFun_APDS9960.o" -o "src/SparkFun_APDS9960.o" "../src/SparkFun_APDS9960.c"
Finished building: ../src/SparkFun_APDS9960.c
 
Building file: ../src/arduino_getsture.c
Invoking: MicroBlaze g++ compiler
mb-g++ -Wall -O0 -g3 -I../../bsp_iop_arduino_mb/iop_arduino_mb/include -c -fmessage-length=0 -MT"src/arduino_getsture.o" -mlittle-endian -mcpu=v10.0 -mxl-soft-mul -Wl,--no-relax -ffunction-sections -fdata-sections -MMD -MP -MF"src/arduino_getsture.d" -MT"src/arduino_getsture.o" -o "src/arduino_getsture.o" "../src/arduino_getsture.c"
Finished building: ../src/arduino_getsture.c
 
Building target: arduino_getsture.elf
Invoking: MicroBlaze g++ linker
mb-g++ -L../../bsp_iop_arduino_mb/iop_arduino_mb/lib -Wl,-T -Wl,../src/lscript.ld -mlittle-endian -mcpu=v10.0 -mxl-soft-mul -Wl,--no-relax -Wl,--gc-sections -o "arduino_getsture.elf"  ./src/SparkFun_APDS9960.o ./src/arduino_getsture.o   -Wl,--start-group,-lxil,-lgcc,-lc,-lstdc++,--end-group
/opt/Xilinx/SDK/2017.4/gnu/microblaze/lin/bin/../lib/gcc/microblaze-xilinx-elf/6.2.0/../../../../microblaze-xilinx-elf/bin/ld: arduino_getsture.elf section `.text' will not fit in region `iop_arduino_lmb_lmb_bram_if_cntlr_Mem'
/opt/Xilinx/SDK/2017.4/gnu/microblaze/lin/bin/../lib/gcc/microblaze-xilinx-elf/6.2.0/../../../../microblaze-xilinx-elf/bin/ld: region `iop_arduino_lmb_lmb_bram_if_cntlr_Mem' overflowed by 42576 bytes
./src/SparkFun_APDS9960.o: In function `SparkFun_APDS9960::wireWriteDataByte(unsigned char, unsigned char)':
/home/junhonglin/Xilinx/PYNQ_Car/base.sdk/arduino_getsture/Debug/../src/SparkFun_APDS9960.c:2152: undefined reference to `i2c_write(int, unsigned int, unsigned char*, unsigned int)'
./src/SparkFun_APDS9960.o: In function `SparkFun_APDS9960::wireReadDataByte(unsigned char, unsigned char&)':
makefile:48: recipe for target 'arduino_getsture.elf' failed
/home/junhonglin/Xilinx/PYNQ_Car/base.sdk/arduino_getsture/Debug/../src/SparkFun_APDS9960.c:2179: undefined reference to `i2c_write(int, unsigned int, unsigned char*, unsigned int)'
/home/junhonglin/Xilinx/PYNQ_Car/base.sdk/arduino_getsture/Debug/../src/SparkFun_APDS9960.c:2180: undefined reference to `i2c_read(int, unsigned int, unsigned char*, unsigned int)'
./src/SparkFun_APDS9960.o: In function `SparkFun_APDS9960::wireReadDataBlock(unsigned char, unsigned char*, unsigned int)':
/home/junhonglin/Xilinx/PYNQ_Car/base.sdk/arduino_getsture/Debug/../src/SparkFun_APDS9960.c:2210: undefined reference to `i2c_write(int, unsigned int, unsigned char*, unsigned int)'
/home/junhonglin/Xilinx/PYNQ_Car/base.sdk/arduino_getsture/Debug/../src/SparkFun_APDS9960.c:2211: undefined reference to `i2c_read(int, unsigned int, unsigned char*, unsigned int)'
./src/arduino_getsture.o: In function `main':
/home/junhonglin/Xilinx/PYNQ_Car/base.sdk/arduino_getsture/Debug/../src/arduino_getsture.c:64: undefined reference to `i2c_open_device(unsigned int)'
/home/junhonglin/Xilinx/PYNQ_Car/base.sdk/arduino_getsture/Debug/../src/arduino_getsture.c:64: undefined reference to `device'
collect2: error: ld returned 1 exit status
make: *** [arduino_getsture.elf] Error 1
17:50:15 **** Clean-only build of configuration Debug for project arduino_getsture ****
make clean 
rm -rf  ./src/SparkFun_APDS9960.o ./src/arduino_getsture.o  ./src/SparkFun_APDS9960.d ./src/arduino_getsture.d  arduino_getsture.elf.size  arduino_getsture.elf
 
17:50:15 **** Auto Build of configuration Debug for project arduino_getsture ****
make all 
Building file: ../src/SparkFun_APDS9960.cc
Invoking: MicroBlaze g++ compiler
mb-g++ -Wall -O0 -g3 -I../../bsp_iop_arduino_mb/iop_arduino_mb/include -c -fmessage-length=0 -MT"src/SparkFun_APDS9960.o" -mlittle-endian -mcpu=v10.0 -mxl-soft-mul -Wl,--no-relax -ffunction-sections -fdata-sections -MMD -MP -MF"src/SparkFun_APDS9960.d" -MT"src/SparkFun_APDS9960.o" -o "src/SparkFun_APDS9960.o" "../src/SparkFun_APDS9960.cc"
Finished building: ../src/SparkFun_APDS9960.cc
 
Building file: ../src/arduino_getsture.c
Invoking: MicroBlaze g++ compiler
mb-g++ -Wall -O0 -g3 -I../../bsp_iop_arduino_mb/iop_arduino_mb/include -c -fmessage-length=0 -MT"src/arduino_getsture.o" -mlittle-endian -mcpu=v10.0 -mxl-soft-mul -Wl,--no-relax -ffunction-sections -fdata-sections -MMD -MP -MF"src/arduino_getsture.d" -MT"src/arduino_getsture.o" -o "src/arduino_getsture.o" "../src/arduino_getsture.c"
Finished building: ../src/arduino_getsture.c
 
Building target: arduino_getsture.elf
Invoking: MicroBlaze g++ linker
mb-g++ -L../../bsp_iop_arduino_mb/iop_arduino_mb/lib -Wl,-T -Wl,../src/lscript.ld -mlittle-endian -mcpu=v10.0 -mxl-soft-mul -Wl,--no-relax -Wl,--gc-sections -o "arduino_getsture.elf"  ./src/SparkFun_APDS9960.o ./src/arduino_getsture.o   -Wl,--start-group,-lxil,-lgcc,-lc,-lstdc++,--end-group
/opt/Xilinx/SDK/2017.4/gnu/microblaze/lin/bin/../lib/gcc/microblaze-xilinx-elf/6.2.0/../../../../microblaze-xilinx-elf/bin/ld: arduino_getsture.elf section `.text' will not fit in region `iop_arduino_lmb_lmb_bram_if_cntlr_Mem'
makefile:48: recipe for target 'arduino_getsture.elf' failed
/opt/Xilinx/SDK/2017.4/gnu/microblaze/lin/bin/../lib/gcc/microblaze-xilinx-elf/6.2.0/../../../../microblaze-xilinx-elf/bin/ld: region `iop_arduino_lmb_lmb_bram_if_cntlr_Mem' overflowed by 42576 bytes
./src/SparkFun_APDS9960.o: In function `SparkFun_APDS9960::wireWriteDataByte(unsigned char, unsigned char)':
/home/junhonglin/Xilinx/PYNQ_Car/base.sdk/arduino_getsture/Debug/../src/SparkFun_APDS9960.cc:2152: undefined reference to `i2c_write(int, unsigned int, unsigned char*, unsigned int)'
./src/SparkFun_APDS9960.o: In function `SparkFun_APDS9960::wireReadDataByte(unsigned char, unsigned char&)':
/home/junhonglin/Xilinx/PYNQ_Car/base.sdk/arduino_getsture/Debug/../src/SparkFun_APDS9960.cc:2179: undefined reference to `i2c_write(int, unsigned int, unsigned char*, unsigned int)'
/home/junhonglin/Xilinx/PYNQ_Car/base.sdk/arduino_getsture/Debug/../src/SparkFun_APDS9960.cc:2180: undefined reference to `i2c_read(int, unsigned int, unsigned char*, unsigned int)'
./src/SparkFun_APDS9960.o: In function `SparkFun_APDS9960::wireReadDataBlock(unsigned char, unsigned char*, unsigned int)':
/home/junhonglin/Xilinx/PYNQ_Car/base.sdk/arduino_getsture/Debug/../src/SparkFun_APDS9960.cc:2210: undefined reference to `i2c_write(int, unsigned int, unsigned char*, unsigned int)'
/home/junhonglin/Xilinx/PYNQ_Car/base.sdk/arduino_getsture/Debug/../src/SparkFun_APDS9960.cc:2211: undefined reference to `i2c_read(int, unsigned int, unsigned char*, unsigned int)'
./src/arduino_getsture.o: In function `main':
/home/junhonglin/Xilinx/PYNQ_Car/base.sdk/arduino_getsture/Debug/../src/arduino_getsture.c:64: undefined reference to `i2c_open_device(unsigned int)'
/home/junhonglin/Xilinx/PYNQ_Car/base.sdk/arduino_getsture/Debug/../src/arduino_getsture.c:64: undefined reference to `device'
collect2: error: ld returned 1 exit status
make: *** [arduino_getsture.elf] Error 1
17:53:59 **** Clean-only build of configuration Debug for project arduino_getsture ****
make clean 
rm -rf  ./src/SparkFun_APDS9960.d  ./src/SparkFun_APDS9960.o ./src/arduino_getsture.o  ./src/arduino_getsture.d  arduino_getsture.elf.size  arduino_getsture.elf
 
17:53:59 **** Auto Build of configuration Debug for project arduino_getsture ****
make all 
Building file: ../src/SparkFun_APDS9960.cc
Invoking: MicroBlaze g++ compiler
mb-g++ -Wall -O0 -g3 -I../../bsp_iop_arduino_mb/iop_arduino_mb/include -c -fmessage-length=0 -MT"src/SparkFun_APDS9960.o" -mlittle-endian -mcpu=v10.0 -mxl-soft-mul -Wl,--no-relax -ffunction-sections -fdata-sections -MMD -MP -MF"src/SparkFun_APDS9960.d" -MT"src/SparkFun_APDS9960.o" -o "src/SparkFun_APDS9960.o" "../src/SparkFun_APDS9960.cc"
Finished building: ../src/SparkFun_APDS9960.cc
 
Building file: ../src/arduino_getsture.c
Invoking: MicroBlaze g++ compiler
mb-g++ -Wall -O0 -g3 -I../../bsp_iop_arduino_mb/iop_arduino_mb/include -c -fmessage-length=0 -MT"src/arduino_getsture.o" -mlittle-endian -mcpu=v10.0 -mxl-soft-mul -Wl,--no-relax -ffunction-sections -fdata-sections -MMD -MP -MF"src/arduino_getsture.d" -MT"src/arduino_getsture.o" -o "src/arduino_getsture.o" "../src/arduino_getsture.c"
Finished building: ../src/arduino_getsture.c
 
Building target: arduino_getsture.elf
Invoking: MicroBlaze g++ linker
mb-g++ -L../../bsp_iop_arduino_mb/iop_arduino_mb/lib -Wl,-T -Wl,../src/lscript.ld -mlittle-endian -mcpu=v10.0 -mxl-soft-mul -Wl,--no-relax -Wl,--gc-sections -o "arduino_getsture.elf"  ./src/SparkFun_APDS9960.o ./src/arduino_getsture.o   
../../bsp_iop_arduino_mb/iop_arduino_mb/lib/libxil.a(mailbox_io.o): In function `write':
(.text.write+0x0): multiple definition of `write'
../../bsp_iop_arduino_mb/iop_arduino_mb/lib/libgloss.a(write.o):(.text+0x0): first defined here
makefile:48: recipe for target 'arduino_getsture.elf' failed
../../bsp_iop_arduino_mb/iop_arduino_mb/lib/libxil.a(mailbox_io.o): In function `read':
(.text.read+0x0): multiple definition of `read'
../../bsp_iop_arduino_mb/iop_arduino_mb/lib/libgloss.a(read.o):(.text+0x0): first defined here
../../bsp_iop_arduino_mb/iop_arduino_mb/lib/libxil.a(mailbox_io.o): In function `lseek':
(.text.lseek+0x0): multiple definition of `lseek'
../../bsp_iop_arduino_mb/iop_arduino_mb/lib/libgloss.a(lseek.o):(.text+0x0): first defined here
../../bsp_iop_arduino_mb/iop_arduino_mb/lib/libxil.a(mailbox_io.o): In function `close':
(.text.close+0x0): multiple definition of `close'
../../bsp_iop_arduino_mb/iop_arduino_mb/lib/libgloss.a(close.o):(.text+0x0): first defined here
/opt/Xilinx/SDK/2017.4/gnu/microblaze/lin/bin/../lib/gcc/microblaze-xilinx-elf/6.2.0/../../../../microblaze-xilinx-elf/bin/ld: arduino_getsture.elf section `.text' will not fit in region `iop_arduino_lmb_lmb_bram_if_cntlr_Mem'
/opt/Xilinx/SDK/2017.4/gnu/microblaze/lin/bin/../lib/gcc/microblaze-xilinx-elf/6.2.0/../../../../microblaze-xilinx-elf/bin/ld: region `iop_arduino_lmb_lmb_bram_if_cntlr_Mem' overflowed by 43096 bytes
./src/SparkFun_APDS9960.o: In function `SparkFun_APDS9960::wireWriteDataByte(unsigned char, unsigned char)':
/home/junhonglin/Xilinx/PYNQ_Car/base.sdk/arduino_getsture/Debug/../src/SparkFun_APDS9960.cc:2152: undefined reference to `i2c_write(int, unsigned int, unsigned char*, unsigned int)'
./src/SparkFun_APDS9960.o: In function `SparkFun_APDS9960::wireReadDataByte(unsigned char, unsigned char&)':
/home/junhonglin/Xilinx/PYNQ_Car/base.sdk/arduino_getsture/Debug/../src/SparkFun_APDS9960.cc:2179: undefined reference to `i2c_write(int, unsigned int, unsigned char*, unsigned int)'
/home/junhonglin/Xilinx/PYNQ_Car/base.sdk/arduino_getsture/Debug/../src/SparkFun_APDS9960.cc:2180: undefined reference to `i2c_read(int, unsigned int, unsigned char*, unsigned int)'
./src/SparkFun_APDS9960.o: In function `SparkFun_APDS9960::wireReadDataBlock(unsigned char, unsigned char*, unsigned int)':
/home/junhonglin/Xilinx/PYNQ_Car/base.sdk/arduino_getsture/Debug/../src/SparkFun_APDS9960.cc:2210: undefined reference to `i2c_write(int, unsigned int, unsigned char*, unsigned int)'
/home/junhonglin/Xilinx/PYNQ_Car/base.sdk/arduino_getsture/Debug/../src/SparkFun_APDS9960.cc:2211: undefined reference to `i2c_read(int, unsigned int, unsigned char*, unsigned int)'
./src/arduino_getsture.o: In function `main':
/home/junhonglin/Xilinx/PYNQ_Car/base.sdk/arduino_getsture/Debug/../src/arduino_getsture.c:64: undefined reference to `i2c_open_device(unsigned int)'
/home/junhonglin/Xilinx/PYNQ_Car/base.sdk/arduino_getsture/Debug/../src/arduino_getsture.c:64: undefined reference to `device'
collect2: error: ld returned 1 exit status
make: *** [arduino_getsture.elf] Error 1
17:55:40 **** Clean-only build of configuration Debug for project arduino_getsture ****
make clean 
rm -rf  ./src/SparkFun_APDS9960.d  ./src/SparkFun_APDS9960.o ./src/arduino_getsture.o  ./src/arduino_getsture.d  arduino_getsture.elf.size  arduino_getsture.elf
 
17:55:40 **** Auto Build of configuration Debug for project arduino_getsture ****
make all 
Building file: ../src/SparkFun_APDS9960.cc
Invoking: MicroBlaze g++ compiler
mb-g++ -Wall -O0 -g3 -I../../bsp_iop_arduino_mb/iop_arduino_mb/include -c -fmessage-length=0 -MT"src/SparkFun_APDS9960.o" -mlittle-endian -mcpu=v10.0 -mxl-soft-mul -Wl,--no-relax -ffunction-sections -fdata-sections -MMD -MP -MF"src/SparkFun_APDS9960.d" -MT"src/SparkFun_APDS9960.o" -o "src/SparkFun_APDS9960.o" "../src/SparkFun_APDS9960.cc"
Finished building: ../src/SparkFun_APDS9960.cc
 
Building file: ../src/arduino_getsture.c
Invoking: MicroBlaze g++ compiler
mb-g++ -Wall -O0 -g3 -I../../bsp_iop_arduino_mb/iop_arduino_mb/include -c -fmessage-length=0 -MT"src/arduino_getsture.o" -mlittle-endian -mcpu=v10.0 -mxl-soft-mul -Wl,--no-relax -ffunction-sections -fdata-sections -MMD -MP -MF"src/arduino_getsture.d" -MT"src/arduino_getsture.o" -o "src/arduino_getsture.o" "../src/arduino_getsture.c"
Finished building: ../src/arduino_getsture.c
 
Building target: arduino_getsture.elf
Invoking: MicroBlaze g++ linker
mb-g++ -L../../bsp_iop_arduino_mb/iop_arduino_mb/lib -Wl,-T -Wl,../src/lscript.ld -mlittle-endian -mcpu=v10.0 -mxl-soft-mul -Wl,--no-relax -Wl,--gc-sections -o "arduino_getsture.elf"  ./src/SparkFun_APDS9960.o ./src/arduino_getsture.o   
../../bsp_iop_arduino_mb/iop_arduino_mb/lib/libxil.a(mailbox_io.o): In function `write':
(.text.write+0x0): multiple definition of `write'
../../bsp_iop_arduino_mb/iop_arduino_mb/lib/libgloss.a(write.o):(.text+0x0): first defined here
../../bsp_iop_arduino_mb/iop_arduino_mb/lib/libxil.a(mailbox_io.o): In function `read':
(.text.read+0x0): multiple definition of `read'
../../bsp_iop_arduino_mb/iop_arduino_mb/lib/libgloss.a(read.o):(.text+0x0): first defined here
../../bsp_iop_arduino_mb/iop_arduino_mb/lib/libxil.a(mailbox_io.o): In function `lseek':
(.text.lseek+0x0): multiple definition of `lseek'
../../bsp_iop_arduino_mb/iop_arduino_mb/lib/libgloss.a(lseek.o):(.text+0x0): first defined here
../../bsp_iop_arduino_mb/iop_arduino_mb/lib/libxil.a(mailbox_io.o): In function `close':
(.text.close+0x0): multiple definition of `close'
../../bsp_iop_arduino_mb/iop_arduino_mb/lib/libgloss.a(close.o):(.text+0x0): first defined here
/opt/Xilinx/SDK/2017.4/gnu/microblaze/lin/bin/../lib/gcc/microblaze-xilinx-elf/6.2.0/../../../../microblaze-xilinx-elf/bin/ld: arduino_getsture.elf section `.text' will not fit in region `iop_arduino_lmb_lmb_bram_if_cntlr_Mem'
/opt/Xilinx/SDK/2017.4/gnu/microblaze/lin/bin/../lib/gcc/microblaze-xilinx-elf/6.2.0/../../../../microblaze-xilinx-elf/bin/ld: region `iop_arduino_lmb_lmb_bram_if_cntlr_Mem' overflowed by 43096 bytes
./src/SparkFun_APDS9960.o: In function `SparkFun_APDS9960::wireWriteDataByte(unsigned char, unsigned char)':
/home/junhonglin/Xilinx/PYNQ_Car/base.sdk/arduino_getsture/Debug/../src/SparkFun_APDS9960.cc:2152: undefined reference to `i2c_write(int, unsigned int, unsigned char*, unsigned int)'
./src/SparkFun_APDS9960.o: In function `SparkFun_APDS9960::wireReadDataByte(unsigned char, unsigned char&)':
/home/junhonglin/Xilinx/PYNQ_Car/base.sdk/arduino_getsture/Debug/../src/SparkFun_APDS9960.cc:2179: undefined reference to `i2c_write(int, unsigned int, unsigned char*, unsigned int)'
/home/junhonglin/Xilinx/PYNQ_Car/base.sdk/arduino_getsture/Debug/../src/SparkFun_APDS9960.cc:2180: undefined reference to `i2c_read(int, unsigned int, unsigned char*, unsigned int)'
./src/SparkFun_APDS9960.o: In function `SparkFun_APDS9960::wireReadDataBlock(unsigned char, unsigned char*, unsigned int)':
/home/junhonglin/Xilinx/PYNQ_Car/base.sdk/arduino_getsture/Debug/../src/SparkFun_APDS9960.cc:2210: undefined reference to `i2c_write(int, unsigned int, unsigned char*, unsigned int)'
/home/junhonglin/Xilinx/PYNQ_Car/base.sdk/arduino_getsture/Debug/../src/SparkFun_APDS9960.cc:2211: undefined reference to `i2c_read(int, unsigned int, unsigned char*, unsigned int)'
./src/arduino_getsture.o: In function `main':
/home/junhonglin/Xilinx/PYNQ_Car/base.sdk/arduino_getsture/Debug/../src/arduino_getsture.c:64: undefined reference to `i2c_open_device(unsigned int)'
makefile:48: recipe for target 'arduino_getsture.elf' failed
/home/junhonglin/Xilinx/PYNQ_Car/base.sdk/arduino_getsture/Debug/../src/arduino_getsture.c:64: undefined reference to `device'
collect2: error: ld returned 1 exit status
make: *** [arduino_getsture.elf] Error 1
17:58:50 **** Auto Build of configuration Debug for project arduino_getsture ****
make all 
Building file: ../src/arduino_getsture.c
Invoking: MicroBlaze g++ compiler
mb-g++ -Wall -O0 -g3 -I../../bsp_iop_arduino_mb/iop_arduino_mb/include -c -fmessage-length=0 -MT"src/arduino_getsture.o" -mlittle-endian -mcpu=v10.0 -mxl-soft-mul -Wl,--no-relax -ffunction-sections -fdata-sections -MMD -MP -MF"src/arduino_getsture.d" -MT"src/arduino_getsture.o" -o "src/arduino_getsture.o" "../src/arduino_getsture.c"
Finished building: ../src/arduino_getsture.c
 
Building target: arduino_getsture.elf
Invoking: MicroBlaze g++ linker
mb-g++ -L../../bsp_iop_arduino_mb/iop_arduino_mb/lib -Wl,-T -Wl,../src/lscript.ld -mlittle-endian -mcpu=v10.0 -mxl-soft-mul -Wl,--no-relax -Wl,--gc-sections -o "arduino_getsture.elf"  ./src/SparkFun_APDS9960.o ./src/arduino_getsture.o   
../../bsp_iop_arduino_mb/iop_arduino_mb/lib/libxil.a(mailbox_io.o): In function `write':
(.text.write+0x0): multiple definition of `write'
../../bsp_iop_arduino_mb/iop_arduino_mb/lib/libgloss.a(write.o):(.text+0x0): first defined here
[...]
../src/SparkFun_APDS9960.cc: In function 'uint8_t getProxIntLowThresh()':
../src/SparkFun_APDS9960.cc:1014:45: error: 'wireReadDataByte' was not declared in this scope
     if( !wireReadDataByte(APDS9960_PILT, val) ) {
                                             ^
../src/SparkFun_APDS9960.cc: In function 'bool setProxIntLowThresh(uint8_t)':
../src/SparkFun_APDS9960.cc:1029:52: error: 'wireWriteDataByte' was not declared in this scope
     if( !wireWriteDataByte(APDS9960_PILT, threshold) ) {
                                                    ^
../src/SparkFun_APDS9960.cc: In function 'uint8_t getProxIntHighThresh()':
../src/SparkFun_APDS9960.cc:1046:45: error: 'wireReadDataByte' was not declared in this scope
     if( !wireReadDataByte(APDS9960_PIHT, val) ) {
                                             ^
../src/SparkFun_APDS9960.cc: In function 'bool setProxIntHighThresh(uint8_t)':
../src/SparkFun_APDS9960.cc:1061:52: error: 'wireWriteDataByte' was not declared in this scope
     if( !wireWriteDataByte(APDS9960_PIHT, threshold) ) {
                                                    ^
../src/SparkFun_APDS9960.cc: In function 'uint8_t getLEDDrive()':
../src/SparkFun_APDS9960.cc:1084:48: error: 'wireReadDataByte' was not declared in this scope
     if( !wireReadDataByte(APDS9960_CONTROL, val) ) {
                                                ^
../src/SparkFun_APDS9960.cc: In function 'bool setLEDDrive(uint8_t)':
../src/SparkFun_APDS9960.cc:1111:48: error: 'wireReadDataByte' was not declared in this scope
     if( !wireReadDataByte(APDS9960_CONTROL, val) ) {
                                                ^
../src/SparkFun_APDS9960.cc:1122:49: error: 'wireWriteDataByte' was not declared in this scope
     if( !wireWriteDataByte(APDS9960_CONTROL, val) ) {
                                                 ^
../src/SparkFun_APDS9960.cc: In function 'uint8_t getProximityGain()':
../src/SparkFun_APDS9960.cc:1145:48: error: 'wireReadDataByte' was not declared in this scope
     if( !wireReadDataByte(APDS9960_CONTROL, val) ) {
                                                ^
../src/SparkFun_APDS9960.cc: In function 'bool setProximityGain(uint8_t)':
../src/SparkFun_APDS9960.cc:1172:48: error: 'wireReadDataByte' was not declared in this scope
     if( !wireReadDataByte(APDS9960_CONTROL, val) ) {
                                                ^
../src/SparkFun_APDS9960.cc:1183:49: error: 'wireWriteDataByte' was not declared in this scope
     if( !wireWriteDataByte(APDS9960_CONTROL, val) ) {
                                                 ^
../src/SparkFun_APDS9960.cc: In function 'uint8_t getAmbientLightGain()':
../src/SparkFun_APDS9960.cc:1206:48: error: 'wireReadDataByte' was not declared in this scope
     if( !wireReadDataByte(APDS9960_CONTROL, val) ) {
                                                ^
../src/SparkFun_APDS9960.cc: In function 'bool setAmbientLightGain(uint8_t)':
../src/SparkFun_APDS9960.cc:1233:48: error: 'wireReadDataByte' was not declared in this scope
     if( !wireReadDataByte(APDS9960_CONTROL, val) ) {
                                                ^
../src/SparkFun_APDS9960.cc:1243:49: error: 'wireWriteDataByte' was not declared in this scope
     if( !wireWriteDataByte(APDS9960_CONTROL, val) ) {
                                                 ^
../src/SparkFun_APDS9960.cc: In function 'uint8_t getLEDBoost()':
../src/SparkFun_APDS9960.cc:1266:48: error: 'wireReadDataByte' was not declared in this scope
     if( !wireReadDataByte(APDS9960_CONFIG2, val) ) {
                                                ^
../src/SparkFun_APDS9960.cc: In function 'bool setLEDBoost(uint8_t)':
../src/SparkFun_APDS9960.cc:1293:48: error: 'wireReadDataByte' was not declared in this scope
     if( !wireReadDataByte(APDS9960_CONFIG2, val) ) {
                                                ^
../src/SparkFun_APDS9960.cc:1304:49: error: 'wireWriteDataByte' was not declared in this scope
     if( !wireWriteDataByte(APDS9960_CONFIG2, val) ) {
                                                 ^
../src/SparkFun_APDS9960.cc: In function 'uint8_t getProxGainCompEnable()':
../src/SparkFun_APDS9960.cc:1321:48: error: 'wireReadDataByte' was not declared in this scope
     if( !wireReadDataByte(APDS9960_CONFIG3, val) ) {
                                                ^
../src/SparkFun_APDS9960.cc: In function 'bool setProxGainCompEnable(uint8_t)':
../src/SparkFun_APDS9960.cc:1342:48: error: 'wireReadDataByte' was not declared in this scope
     if( !wireReadDataByte(APDS9960_CONFIG3, val) ) {
                                                ^
../src/SparkFun_APDS9960.cc:1353:49: error: 'wireWriteDataByte' was not declared in this scope
     if( !wireWriteDataByte(APDS9960_CONFIG3, val) ) {
                                                 ^
../src/SparkFun_APDS9960.cc: In function 'uint8_t getProxPhotoMask()':
../src/SparkFun_APDS9960.cc:1377:48: error: 'wireReadDataByte' was not declared in this scope
     if( !wireReadDataByte(APDS9960_CONFIG3, val) ) {
                                                ^
../src/SparkFun_APDS9960.cc: In function 'bool setProxPhotoMask(uint8_t)':
../src/SparkFun_APDS9960.cc:1405:48: error: 'wireReadDataByte' was not declared in this scope
     if( !wireReadDataByte(APDS9960_CONFIG3, val) ) {
                                                ^
../src/SparkFun_APDS9960.cc:1415:49: error: 'wireWriteDataByte' was not declared in this scope
     if( !wireWriteDataByte(APDS9960_CONFIG3, val) ) {
                                                 ^
../src/SparkFun_APDS9960.cc: In function 'uint8_t getGestureEnterThresh()':
../src/SparkFun_APDS9960.cc:1432:47: error: 'wireReadDataByte' was not declared in this scope
     if( !wireReadDataByte(APDS9960_GPENTH, val) ) {
                                               ^
../src/SparkFun_APDS9960.cc: In function 'bool setGestureEnterThresh(uint8_t)':
../src/SparkFun_APDS9960.cc:1447:54: error: 'wireWriteDataByte' was not declared in this scope
     if( !wireWriteDataByte(APDS9960_GPENTH, threshold) ) {
                                                      ^
../src/SparkFun_APDS9960.cc: In function 'uint8_t getGestureExitThresh()':
../src/SparkFun_APDS9960.cc:1464:46: error: 'wireReadDataByte' was not declared in this scope
     if( !wireReadDataByte(APDS9960_GEXTH, val) ) {
                                              ^
../src/SparkFun_APDS9960.cc: In function 'bool setGestureExitThresh(uint8_t)':
../src/SparkFun_APDS9960.cc:1479:53: error: 'wireWriteDataByte' was not declared in this scope
     if( !wireWriteDataByte(APDS9960_GEXTH, threshold) ) {
                                                     ^
../src/SparkFun_APDS9960.cc: In function 'uint8_t getGestureGain()':
../src/SparkFun_APDS9960.cc:1502:47: error: 'wireReadDataByte' was not declared in this scope
     if( !wireReadDataByte(APDS9960_GCONF2, val) ) {
                                               ^
../src/SparkFun_APDS9960.cc: In function 'bool setGestureGain(uint8_t)':
../src/SparkFun_APDS9960.cc:1529:47: error: 'wireReadDataByte' was not declared in this scope
     if( !wireReadDataByte(APDS9960_GCONF2, val) ) {
                                               ^
../src/SparkFun_APDS9960.cc:1540:48: error: 'wireWriteDataByte' was not declared in this scope
     if( !wireWriteDataByte(APDS9960_GCONF2, val) ) {
                                                ^
../src/SparkFun_APDS9960.cc: In function 'uint8_t getGestureLEDDrive()':
../src/SparkFun_APDS9960.cc:1563:47: error: 'wireReadDataByte' was not declared in this scope
     if( !wireReadDataByte(APDS9960_GCONF2, val) ) {
                                               ^
../src/SparkFun_APDS9960.cc: In function 'bool setGestureLEDDrive(uint8_t)':
../src/SparkFun_APDS9960.cc:1590:47: error: 'wireReadDataByte' was not declared in this scope
     if( !wireReadDataByte(APDS9960_GCONF2, val) ) {
                                               ^
../src/SparkFun_APDS9960.cc:1601:48: error: 'wireWriteDataByte' was not declared in this scope
     if( !wireWriteDataByte(APDS9960_GCONF2, val) ) {
                                                ^
../src/SparkFun_APDS9960.cc: In function 'uint8_t getGestureWaitTime()':
../src/SparkFun_APDS9960.cc:1628:47: error: 'wireReadDataByte' was not declared in this scope
     if( !wireReadDataByte(APDS9960_GCONF2, val) ) {
                                               ^
../src/SparkFun_APDS9960.cc: In function 'bool setGestureWaitTime(uint8_t)':
../src/SparkFun_APDS9960.cc:1659:47: error: 'wireReadDataByte' was not declared in this scope
     if( !wireReadDataByte(APDS9960_GCONF2, val) ) {
                                               ^
../src/SparkFun_APDS9960.cc:1669:48: error: 'wireWriteDataByte' was not declared in this scope
     if( !wireWriteDataByte(APDS9960_GCONF2, val) ) {
                                                ^
../src/SparkFun_APDS9960.cc: In function 'bool getLightIntLowThreshold(uint16_t&)':
../src/SparkFun_APDS9960.cc:1688:51: error: 'wireReadDataByte' was not declared in this scope
     if( !wireReadDataByte(APDS9960_AILTL, val_byte) ) {
                                                   ^
../src/SparkFun_APDS9960.cc:1694:51: error: 'wireReadDataByte' was not declared in this scope
     if( !wireReadDataByte(APDS9960_AILTH, val_byte) ) {
                                                   ^
../src/SparkFun_APDS9960.cc: In function 'bool setLightIntLowThreshold(uint16_t)':
../src/SparkFun_APDS9960.cc:1718:51: error: 'wireWriteDataByte' was not declared in this scope
     if( !wireWriteDataByte(APDS9960_AILTL, val_low) ) {
                                                   ^
../src/SparkFun_APDS9960.cc:1723:52: error: 'wireWriteDataByte' was not declared in this scope
     if( !wireWriteDataByte(APDS9960_AILTH, val_high) ) {
                                                    ^
../src/SparkFun_APDS9960.cc: In function 'bool getLightIntHighThreshold(uint16_t&)':
../src/SparkFun_APDS9960.cc:1742:51: error: 'wireReadDataByte' was not declared in this scope
     if( !wireReadDataByte(APDS9960_AIHTL, val_byte) ) {
                                                   ^
../src/SparkFun_APDS9960.cc:1748:51: error: 'wireReadDataByte' was not declared in this scope
     if( !wireReadDataByte(APDS9960_AIHTH, val_byte) ) {
                                                   ^
../src/SparkFun_APDS9960.cc: In function 'bool setLightIntHighThreshold(uint16_t)':
../src/SparkFun_APDS9960.cc:1772:51: error: 'wireWriteDataByte' was not declared in this scope
     if( !wireWriteDataByte(APDS9960_AIHTL, val_low) ) {
                                                   ^
../src/SparkFun_APDS9960.cc:1777:52: error: 'wireWriteDataByte' was not declared in this scope
     if( !wireWriteDataByte(APDS9960_AIHTH, val_high) ) {
                                                    ^
../src/SparkFun_APDS9960.cc: In function 'bool getProximityIntLowThreshold(uint8_t&)':
../src/SparkFun_APDS9960.cc:1795:51: error: 'wireReadDataByte' was not declared in this scope
     if( !wireReadDataByte(APDS9960_PILT, threshold) ) {
                                                   ^
../src/SparkFun_APDS9960.cc: In function 'bool setProximityIntLowThreshold(uint8_t)':
../src/SparkFun_APDS9960.cc:1812:52: error: 'wireWriteDataByte' was not declared in this scope
     if( !wireWriteDataByte(APDS9960_PILT, threshold) ) {
                                                    ^
../src/SparkFun_APDS9960.cc: In function 'bool getProximityIntHighThreshold(uint8_t&)':
../src/SparkFun_APDS9960.cc:1830:51: error: 'wireReadDataByte' was not declared in this scope
     if( !wireReadDataByte(APDS9960_PIHT, threshold) ) {
                                                   ^
../src/SparkFun_APDS9960.cc: In function 'bool setProximityIntHighThreshold(uint8_t)':
../src/SparkFun_APDS9960.cc:1847:52: error: 'wireWriteDataByte' was not declared in this scope
     if( !wireWriteDataByte(APDS9960_PIHT, threshold) ) {
                                                    ^
../src/SparkFun_APDS9960.cc: In function 'uint8_t getAmbientLightIntEnable()':
../src/SparkFun_APDS9960.cc:1864:47: error: 'wireReadDataByte' was not declared in this scope
     if( !wireReadDataByte(APDS9960_ENABLE, val) ) {
                                               ^
../src/SparkFun_APDS9960.cc: In function 'bool setAmbientLightIntEnable(uint8_t)':
../src/SparkFun_APDS9960.cc:1885:47: error: 'wireReadDataByte' was not declared in this scope
     if( !wireReadDataByte(APDS9960_ENABLE, val) ) {
                                               ^
../src/SparkFun_APDS9960.cc:1896:48: error: 'wireWriteDataByte' was not declared in this scope
     if( !wireWriteDataByte(APDS9960_ENABLE, val) ) {
                                                ^
../src/SparkFun_APDS9960.cc: In function 'uint8_t getProximityIntEnable()':
../src/SparkFun_APDS9960.cc:1913:47: error: 'wireReadDataByte' was not declared in this scope
     if( !wireReadDataByte(APDS9960_ENABLE, val) ) {
                                               ^
../src/SparkFun_APDS9960.cc: In function 'bool setProximityIntEnable(uint8_t)':
../src/SparkFun_APDS9960.cc:1934:47: error: 'wireReadDataByte' was not declared in this scope
     if( !wireReadDataByte(APDS9960_ENABLE, val) ) {
                                               ^
../src/SparkFun_APDS9960.cc:1945:48: error: 'wireWriteDataByte' was not declared in this scope
     if( !wireWriteDataByte(APDS9960_ENABLE, val) ) {
                                                ^
../src/SparkFun_APDS9960.cc: In function 'uint8_t getGestureIntEnable()':
../src/SparkFun_APDS9960.cc:1962:47: error: 'wireReadDataByte' was not declared in this scope
     if( !wireReadDataByte(APDS9960_GCONF4, val) ) {
                                               ^
../src/SparkFun_APDS9960.cc: In function 'bool setGestureIntEnable(uint8_t)':
../src/SparkFun_APDS9960.cc:1983:47: error: 'wireReadDataByte' was not declared in this scope
     if( !wireReadDataByte(APDS9960_GCONF4, val) ) {
                                               ^
../src/SparkFun_APDS9960.cc:1994:48: error: 'wireWriteDataByte' was not declared in this scope
     if( !wireWriteDataByte(APDS9960_GCONF4, val) ) {
                                                ^
../src/SparkFun_APDS9960.cc: In function 'bool clearAmbientLightInt()':
../src/SparkFun_APDS9960.cc:2009:54: error: 'wireReadDataByte' was not declared in this scope
     if( !wireReadDataByte(APDS9960_AICLEAR, throwaway) ) {
                                                      ^
../src/SparkFun_APDS9960.cc: In function 'bool clearProximityInt()':
../src/SparkFun_APDS9960.cc:2024:54: error: 'wireReadDataByte' was not declared in this scope
     if( !wireReadDataByte(APDS9960_PICLEAR, throwaway) ) {
                                                      ^
../src/SparkFun_APDS9960.cc: In function 'uint8_t getGestureMode()':
../src/SparkFun_APDS9960.cc:2041:47: error: 'wireReadDataByte' was not declared in this scope
     if( !wireReadDataByte(APDS9960_GCONF4, val) ) {
                                               ^
../src/SparkFun_APDS9960.cc: In function 'bool setGestureMode(uint8_t)':
../src/SparkFun_APDS9960.cc:2062:47: error: 'wireReadDataByte' was not declared in this scope
     if( !wireReadDataByte(APDS9960_GCONF4, val) ) {
                                               ^
../src/SparkFun_APDS9960.cc:2072:48: error: 'wireWriteDataByte' was not declared in this scope
     if( !wireWriteDataByte(APDS9960_GCONF4, val) ) {
                                                ^
make: *** [src/SparkFun_APDS9960.o] Error 1
10:49:56 **** Incremental Build of configuration Debug for project grove_ledbar ****
make all 
make: Nothing to be done for 'all'.
10:50:09 **** Auto Build of configuration Debug for project arduino_getsture ****
make all 
Building file: ../src/arduino_getsture.c
Invoking: MicroBlaze gcc compiler
mb-gcc -Wall -O0 -g3 -I../../bsp_iop_arduino_mb/iop_arduino_mb/include -c -fmessage-length=0 -MT"src/arduino_getsture.o" -mlittle-endian -mcpu=v10.0 -mxl-soft-mul -Wl,--no-relax -ffunction-sections -fdata-sections -MMD -MP -MF"src/arduino_getsture.d" -MT"src/arduino_getsture.o" -o "src/arduino_getsture.o" "../src/arduino_getsture.c"
Finished building: ../src/arduino_getsture.c
 
Building target: arduino_getsture.elf
Invoking: MicroBlaze gcc linker
mb-gcc -L../../bsp_iop_arduino_mb/iop_arduino_mb/lib -Wl,-T -Wl,../src/lscript.ld -mlittle-endian -mcpu=v10.0 -mxl-soft-mul -Wl,--no-relax -Wl,--gc-sections -o "arduino_getsture.elf"  ./src/SparkFun_APDS9960.o ./src/arduino_getsture.o   -Wl,--start-group,-lxil,-lgcc,-lc,--end-group
/opt/Xilinx/SDK/2017.4/gnu/microblaze/lin/bin/../lib/gcc/microblaze-xilinx-elf/6.2.0/../../../../microblaze-xilinx-elf/bin/ld: arduino_getsture.elf section `.text' will not fit in region `iop_arduino_lmb_lmb_bram_if_cntlr_Mem'
/opt/Xilinx/SDK/2017.4/gnu/microblaze/lin/bin/../lib/gcc/microblaze-xilinx-elf/6.2.0/../../../../microblaze-xilinx-elf/bin/ld: region `iop_arduino_lmb_lmb_bram_if_cntlr_Mem' overflowed by 43568 bytes
makefile:36: recipe for target 'arduino_getsture.elf' failed
collect2: error: ld returned 1 exit status
make: *** [arduino_getsture.elf] Error 1
10:56:02 **** Auto Build of configuration Debug for project arduino_getsture ****
make all 
Building file: ../src/arduino_getsture.c
Invoking: MicroBlaze gcc compiler
mb-gcc -Wall -O0 -g3 -I../../bsp_iop_arduino_mb/iop_arduino_mb/include -c -fmessage-length=0 -MT"src/arduino_getsture.o" -mlittle-endian -mcpu=v10.0 -mxl-soft-mul -Wl,--no-relax -ffunction-sections -fdata-sections -MMD -MP -MF"src/arduino_getsture.d" -MT"src/arduino_getsture.o" -o "src/arduino_getsture.o" "../src/arduino_getsture.c"
Finished building: ../src/arduino_getsture.c
 
Building target: arduino_getsture.elf
Invoking: MicroBlaze gcc linker
mb-gcc -L../../bsp_iop_arduino_mb/iop_arduino_mb/lib -Wl,-T -Wl,../src/lscript.ld -mlittle-endian -mcpu=v10.0 -mxl-soft-mul -Wl,--no-relax -Wl,--gc-sections -o "arduino_getsture.elf"  ./src/SparkFun_APDS9960.o ./src/arduino_getsture.o   -Wl,--start-group,-lxil,-lgcc,-lc,--end-group
Finished building target: arduino_getsture.elf
 
Invoking: MicroBlaze Print Size
mb-size arduino_getsture.elf  |tee "arduino_getsture.elf.size"
   text	   data	    bss	    dec	    hex	filename
  19356	    540	   3384	  23280	   5af0	arduino_getsture.elf
Finished building: arduino_getsture.elf.size
 
10:56:15 **** Auto Build of configuration Debug for project arduino_getsture ****
make all 
Building file: ../src/arduino_getsture.c
Invoking: MicroBlaze gcc compiler
mb-gcc -Wall -O0 -g3 -I../../bsp_iop_arduino_mb/iop_arduino_mb/include -c -fmessage-length=0 -MT"src/arduino_getsture.o" -mlittle-endian -mcpu=v10.0 -mxl-soft-mul -Wl,--no-relax -ffunction-sections -fdata-sections -MMD -MP -MF"src/arduino_getsture.d" -MT"src/arduino_getsture.o" -o "src/arduino_getsture.o" "../src/arduino_getsture.c"
../src/arduino_getsture.c: In function 'main':
../src/arduino_getsture.c:63:2: warning: implicit declaration of function 'xil_printf' [-Wimplicit-function-declaration]
  xil_printf("Gesture Test\r\n");
  ^~~~~~~~~~
Finished building: ../src/arduino_getsture.c
 
Building target: arduino_getsture.elf
Invoking: MicroBlaze gcc linker
mb-gcc -L../../bsp_iop_arduino_mb/iop_arduino_mb/lib -Wl,-T -Wl,../src/lscript.ld -mlittle-endian -mcpu=v10.0 -mxl-soft-mul -Wl,--no-relax -Wl,--gc-sections -o "arduino_getsture.elf"  ./src/SparkFun_APDS9960.o ./src/arduino_getsture.o   -Wl,--start-group,-lxil,-lgcc,-lc,--end-group
Finished building target: arduino_getsture.elf
 
Invoking: MicroBlaze Print Size
mb-size arduino_getsture.elf  |tee "arduino_getsture.elf.size"
   text	   data	    bss	    dec	    hex	filename
  19356	    540	   3384	  23280	   5af0	arduino_getsture.elf
Finished building: arduino_getsture.elf.size
 
10:56:16 **** Auto Build of configuration Debug for project arduino_getsture ****
make all 
make: Nothing to be done for 'all'.
