17:14:30 **** Auto Build of configuration Debug for project arduino_run_gesture ****
make all 
Building file: ../src/arduino_run_gesture.cc
Invoking: MicroBlaze g++ compiler
mb-g++ -Wall -O0 -g3 -c -fmessage-length=0 -MT"src/arduino_run_gesture.o" -I../../bsp_iop_arduino_mb/iop_arduino_mb/include -mlittle-endian -mcpu=v10.0 -mxl-soft-mul -Wl,--no-relax -ffunction-sections -fdata-sections -MMD -MP -MF"src/arduino_run_gesture.d" -MT"src/arduino_run_gesture.o" -o "src/arduino_run_gesture.o" "../src/arduino_run_gesture.cc"
In file included from ../src/arduino_run_gesture.cc:51:0:
../src/2WD_MOTO.h:17:1: warning: 'typedef' was ignored in this declaration
 typedef enum operate {
 ^~~~~~~
../src/arduino_run_gesture.cc: In function 'int main()':
../src/arduino_run_gesture.cc:75:13: warning: unused variable 'period' [-Wunused-variable]
  int which, period, duty;
             ^~~~~~
../src/arduino_run_gesture.cc:75:21: warning: unused variable 'duty' [-Wunused-variable]
  int which, period, duty;
                     ^~~~
../src/arduino_run_gesture.cc:76:8: warning: unused variable 'v' [-Wunused-variable]
  float v;
        ^
Finished building: ../src/arduino_run_gesture.cc
 
Building target: arduino_run_gesture.elf
Invoking: MicroBlaze g++ linker
mb-g++ -Wl,-T -Wl,../src/lscript.ld -L../../bsp_iop_arduino_mb/iop_arduino_mb/lib -mlittle-endian -mcpu=v10.0 -mxl-soft-mul -Wl,--no-relax -Wl,--gc-sections -o "arduino_run_gesture.elf"  ./src/2WD_MOTO.o ./src/I2CMultiplexer.o ./src/SparkFun_APDS9960.o ./src/arduino_run_gesture.o   -Wl,--start-group,-lxil,-lgcc,-lc,-lstdc++,--end-group
Finished building target: arduino_run_gesture.elf
 
make --no-print-directory post-build
Microblaze Bin Gen
mb-objcopy -O binary arduino_run_gesture.elf arduino_run_gesture.bin
 
Invoking: MicroBlaze Print Size
mb-size arduino_run_gesture.elf  |tee "arduino_run_gesture.elf.size"
   text	   data	    bss	    dec	    hex	filename
  26436	    536	   3668	  30640	   77b0	arduino_run_gesture.elf
Finished building: arduino_run_gesture.elf.size
 

17:14:30 Build Finished (took 377ms)

